Microchip MPLAB XC8 Compiler V2.00 ()

Linker command line:

-W-3 --edf=C:\Program Files (x86)\Microchip\xc8\v2.00\pic\dat\en_msgs.txt \
  -cs -h+dist/default/production\Master.X.production.sym \
  --cmf=dist/default/production\Master.X.production.cmf -z -Q16F887 \
  -oC:\Users\JIRS0129\AppData\Local\Temp\s79o.2 --defsym=__MPLAB_BUILD=1 \
  -Mdist/default/production/Master.X.production.map -E1 -ver=XC8 \
  --acfsm=1493 -ASTACK=0110h-016fh -pstack=STACK -ACODE=00h-07FFhx4 \
  -ASTRCODE=00h-01FFFh -ASTRING=00h-0FFhx32 -ACONST=00h-0FFhx32 \
  -AENTRY=00h-0FFhx32 -ACOMMON=070h-07Fh -ABANK0=020h-06Fh \
  -ABANK1=0A0h-0EFh -ABANK2=0110h-016Fh -ABANK3=0190h-01EFh \
  -ARAM=020h-06Fh,0A0h-0EFh,0110h-016Fh,0190h-01EFh \
  -AABS1=020h-07Fh,0A0h-0EFh,0110h-016Fh,0190h-01EFh -ASFR0=00h-01Fh \
  -ASFR1=080h-09Fh -ASFR2=0100h-010Fh -ASFR3=0180h-018Fh \
  -preset_vec=00h,intentry=04h,init,end_init -ppowerup=CODE -pcinit=CODE \
  -pfunctab=ENTRY -ACONFIG=02007h-02008h -pconfig=CONFIG -DCONFIG=2 \
  -AIDLOC=02000h-02003h -pidloc=IDLOC -DIDLOC=2 -AEEDATA=00h-0FFh/02100h \
  -peeprom_data=EEDATA -DEEDATA=2 -DCODE=2 -DSTRCODE=2 -DSTRING=2 -DCONST=2 \
  -DENTRY=2 -k C:\Users\JIRS0129\AppData\Local\Temp\s79o.o \
  dist/default/production\Master.X.production.o 

Object code version is 3.11

Machine type is 16F887



                Name                               Link     Load   Length Selector   Space Scale
C:\Users\JIRS0129\AppData\Local\Temp\s79o.o
                end_init                              C        C        3        8       0
                reset_vec                             0        0        3        0       0
                config                             2007     2007        2     400E       0
dist/default/production\Master.X.production.o
                cinit                                 F        F       17        8       0
                intentry                              4        4        8        8       0
                text32                              8A2      8A2        5     1144       0
                text31                             1159     1159       15     22B2       0
                text30                             14B2     14B2       92     2964       0
                text29                             1129     1129        F     2252       0
                text28                             1204     1204       33     2408       0
                text27                             1116     1116        9     222C       0
                text26                              7F7      7F7        9        8       0
                text25                             111F     111F        A     223E       0
                text24                              784      784       73        8       0
                text23                             13BF     13BF       65     277E       0
                text22                             1544     1544      2BC     2A88       0
                text21                              9C8      9C8      2C3     1390       0
                text20                             11D8     11D8       2C     23B0       0
                text19                              C8B      C8B      375     1916       0
                text18                             1138     1138        F     2270       0
                text17                              92C      92C       9C     1258       0
                text16                             11AE     11AE       2A     235C       0
                text15                              6C0      6C0       C4        8       0
                text14                              8A7      8A7       16     114E       0
                text13                             116E     116E       20     22DC       0
                text12                              8BD      8BD       6F     117A       0
                text11                             1237     1237       3A     246E       0
                text10                             1107     1107        7     220E       0
                text9                              1271     1271       3B     24E2       0
                text8                              1424     1424       8E     2848       0
                text7                              12AC     12AC       3B     2558       0
                text6                              1372     1372       4D     26E4       0
                text5                              12E7     12E7       43     25CE       0
                text4                               5BE      5BE      102        8       0
                text3                              1147     1147       12     228E       0
                text2                              132A     132A       48     2654       0
                text1                              118E     118E       20     231C       0
                maintext                             26       26      598        8       0
                cstackBANK0                          20       20       4C       20       1
                cstackCOMMON                         75       75        5       70       1
                cstackBANK1                          C3       C3       16       A0       1
                clrtext                            110E     110E        8     221C       0
                bssBANK1                             A0       A0       23       A0       1
                bssBANK0                             6C       6C        3       20       1
                bssCOMMON                            70       70        5       70       1
                strings                             800      800       A2     1000       0

TOTAL           Name                               Link     Load   Length     Space
        CLASS   STACK          

        CLASS   CODE           
                end_init                              C        C        3         0
                cinit                                 F        F       17         0
                intentry                              4        4        8         0
                reset_vec                             0        0        3         0
                text32                              8A2      8A2        5         0
                text31                             1159     1159       15         0
                text30                             14B2     14B2       92         0
                text29                             1129     1129        F         0
                text28                             1204     1204       33         0
                text27                             1116     1116        9         0
                text26                              7F7      7F7        9         0
                text25                             111F     111F        A         0
                text24                              784      784       73         0
                text23                             13BF     13BF       65         0
                text22                             1544     1544      2BC         0
                text21                              9C8      9C8      2C3         0
                text20                             11D8     11D8       2C         0
                text19                              C8B      C8B      375         0
                text18                             1138     1138        F         0
                text17                              92C      92C       9C         0
                text16                             11AE     11AE       2A         0
                text15                              6C0      6C0       C4         0
                text14                              8A7      8A7       16         0
                text13                             116E     116E       20         0
                text12                              8BD      8BD       6F         0
                text11                             1237     1237       3A         0
                text10                             1107     1107        7         0
                text9                              1271     1271       3B         0
                text8                              1424     1424       8E         0
                text7                              12AC     12AC       3B         0
                text6                              1372     1372       4D         0
                text5                              12E7     12E7       43         0
                text4                               5BE      5BE      102         0
                text3                              1147     1147       12         0
                text2                              132A     132A       48         0
                text1                              118E     118E       20         0
                maintext                             26       26      598         0
                clrtext                            110E     110E        8         0

        CLASS   STRCODE        

        CLASS   STRING         
                strings                             800      800       A2         0

        CLASS   CONST          

        CLASS   ENTRY          

        CLASS   COMMON         
                cstackCOMMON                         75       75        5         1
                bssCOMMON                            70       70        5         1

        CLASS   BANK0          
                cstackBANK0                          20       20       4C         1
                bssBANK0                             6C       6C        3         1

        CLASS   BANK1          
                cstackBANK1                          C3       C3       16         1
                bssBANK1                             A0       A0       23         1

        CLASS   BANK2          

        CLASS   BANK3          

        CLASS   RAM            

        CLASS   ABS1           
                abs_s1                               7E       7E        2         1

        CLASS   SFR0           

        CLASS   SFR1           

        CLASS   SFR2           

        CLASS   SFR3           

        CLASS   CONFIG         
                config                             2007     2007        2         0

        CLASS   IDLOC          

        CLASS   EEDATA         



SEGMENTS        Name                           Load    Length   Top    Selector   Space  Class     Delta

                reset_vec                      000000  000003  000003         0       0  CODE        2
                intentry                       000004  0007FC  000800         8       0  CODE        2
                cstackBANK0                    000020  00004F  00006F        20       1  BANK0       1
                bssCOMMON                      000070  00000A  00007A        70       1  COMMON      1
                bssBANK1                       0000A0  000039  0000D9        A0       1  BANK1       1
                strings                        000800  0000A2  0008A2      1000       0  STRING      2
                text32                         0008A2  000005  0008A7      1144       0  CODE        2
                text14                         0008A7  000016  0008BD      114E       0  CODE        2
                text12                         0008BD  00006F  00092C      117A       0  CODE        2
                text17                         00092C  00009C  0009C8      1258       0  CODE        2
                text21                         0009C8  0002C3  000C8B      1390       0  CODE        2
                text19                         000C8B  000375  001000      1916       0  CODE        2
                text10                         001107  000007  00110E      220E       0  CODE        2
                clrtext                        00110E  000008  001116      221C       0  CODE        2
                text27                         001116  000009  00111F      222C       0  CODE        2
                text25                         00111F  00000A  001129      223E       0  CODE        2
                text29                         001129  00000F  001138      2252       0  CODE        2
                text18                         001138  00000F  001147      2270       0  CODE        2
                text3                          001147  000012  001159      228E       0  CODE        2
                text31                         001159  000015  00116E      22B2       0  CODE        2
                text13                         00116E  000020  00118E      22DC       0  CODE        2
                text1                          00118E  000020  0011AE      231C       0  CODE        2
                text16                         0011AE  00002A  0011D8      235C       0  CODE        2
                text20                         0011D8  00002C  001204      23B0       0  CODE        2
                text28                         001204  000033  001237      2408       0  CODE        2
                text11                         001237  00003A  001271      246E       0  CODE        2
                text9                          001271  00003B  0012AC      24E2       0  CODE        2
                text7                          0012AC  00003B  0012E7      2558       0  CODE        2
                text5                          0012E7  000043  00132A      25CE       0  CODE        2
                text2                          00132A  000048  001372      2654       0  CODE        2
                text6                          001372  00004D  0013BF      26E4       0  CODE        2
                text23                         0013BF  000065  001424      277E       0  CODE        2
                text8                          001424  00008E  0014B2      2848       0  CODE        2
                text30                         0014B2  000092  001544      2964       0  CODE        2
                text22                         001544  0002BC  001800      2A88       0  CODE        2
                config                         002007  000002  002009      400E       0  CONFIG      2


UNUSED ADDRESS RANGES

        Name                Unused          Largest block    Delta
        BANK0            006F-006F              1           1
        BANK1            00D9-00EF             17           1
        BANK2            0110-016F             60           1
        BANK3            0190-01EF             60           1
        CODE             0003-0003              1           2
                         1000-1106            107
                         1800-1FFF            800
        COMMON           007A-007D              4           1
        CONST            0003-0003              1           2
                         1000-1106            100
                         1800-1FFF            100
        EEDATA           2100-21FF            100           2
        ENTRY            0003-0003              1           2
                         1000-1106            100
                         1800-1FFF            100
        IDLOC            2000-2003              4           2
        RAM              006F-006F              1           1
                         00D9-00EF             17
                         0110-016F             60
                         0190-01EF             60
        SFR0             0000-001F             20           1
        SFR1             0080-009F             20           1
        SFR2             0100-010F             10           1
        SFR3             0180-018F             10           1
        STACK            0110-016F             60           1
        STRCODE          0003-0003              1           2
                         1000-1106            107
                         1800-1FFF            800
        STRING           0003-0003              1           2
                         1000-1106            100
                         1800-1FFF            100

                                  Symbol Table

?_I2C_Master_Read          cstackBANK0  0020
?__Umul8_16                cstackBANK0  0020
?___awdiv                  cstackBANK0  0026
?___awmod                  cstackBANK0  0020
?___fladd                  cstackBANK0  0032
?___fldiv                  cstackBANK0  0064
?___flmul                  cstackBANK0  004A
?___flneg                  cstackBANK0  002E
?___fltol                  cstackBANK0  0020
?___lldiv                  cstackBANK0  0020
?___lwdiv                  cstackBANK0  0020
?___lwmod                  cstackBANK0  0028
?___wmul                   cstackBANK0  0020
?___xxtofl                 cstackBANK0  0020
?_sprintf                  cstackBANK0  002E
I2C_Master_Init@c          cstackBANK0  002E
I2C_Master_Read@a          cstackBANK0  0020
I2C_Master_Read@temp       cstackBANK0  0024
I2C_Master_Write@d         cstackBANK0  0020
_ADCON0bits                (abs)        001F
_ADCON1bits                (abs)        009F
_ADRESH                    (abs)        001E
_ANSEL                     (abs)        0188
_ANSELH                    (abs)        0189
_ANSELHbits                (abs)        0189
_ANSELbits                 (abs)        0188
_BAUDCTLbits               (abs)        0187
_GIE                       (abs)        005F
_I2C_Master_Init           text11       1237
_I2C_Master_Read           text28       1204
_I2C_Master_Start          text27       1116
_I2C_Master_Stop           text26       07F7
_I2C_Master_Wait           text29       1129
_I2C_Master_Write          text25       111F
_INTCONbits                (abs)        000B
_PEIE                      (abs)        005E
_PIE1bits                  (abs)        008C
_PIR1bits                  (abs)        000C
_PORTAbits                 (abs)        0005
_PORTB                     (abs)        0006
_PORTD                     (abs)        0008
_RCREG                     (abs)        001A
_RCSTAbits                 (abs)        0018
_RD0                       (abs)        0040
_RD1                       (abs)        0041
_SPBRG                     (abs)        0099
_SPBRGH                    (abs)        009A
_SSPADD                    (abs)        0093
_SSPBUF                    (abs)        0013
_SSPCON                    (abs)        0014
_SSPCON2                   (abs)        0091
_SSPCON2bits               (abs)        0091
_SSPIE                     (abs)        0463
_SSPIF                     (abs)        0063
_SSPSTAT                   (abs)        0094
_TRISAbits                 (abs)        0085
_TRISB                     (abs)        0086
_TRISBbits                 (abs)        0086
_TRISC3                    (abs)        043B
_TRISC4                    (abs)        043C
_TRISCbits                 (abs)        0087
_TRISD                     (abs)        0088
_TRISEbits                 (abs)        0089
_TXREG                     (abs)        0019
_TXSTAbits                 (abs)        0098
__CFG_BOR4V$BOR40V         (abs)        0000
__CFG_BOREN$OFF            (abs)        0000
__CFG_CP$OFF               (abs)        0000
__CFG_CPD$OFF              (abs)        0000
__CFG_FCMEN$OFF            (abs)        0000
__CFG_FOSC$INTRC_NOCLKOUT  (abs)        0000
__CFG_IESO$OFF             (abs)        0000
__CFG_LVP$OFF              (abs)        0000
__CFG_MCLRE$OFF            (abs)        0000
__CFG_PWRTE$OFF            (abs)        0000
__CFG_WDTE$OFF             (abs)        0000
__CFG_WRT$OFF              (abs)        0000
__Habs1                    abs1         0000
__Hbank0                   bank0        0000
__Hbank1                   bank1        0000
__Hbank2                   bank2        0000
__Hbank3                   bank3        0000
__HbssBANK0                bssBANK0     0000
__HbssBANK1                bssBANK1     0000
__HbssCOMMON               bssCOMMON    0000
__Hcinit                   cinit        0026
__Hclrtext                 clrtext      0000
__Hcode                    code         0000
__Hcommon                  common       0000
__Hconfig                  config       2009
__HcstackBANK0             cstackBANK0  0000
__HcstackBANK1             cstackBANK1  0000
__HcstackCOMMON            cstackCOMMON 0000
__Heeprom_data             eeprom_data  0000
__Hend_init                end_init     000F
__Hfunctab                 functab      0000
__Hidloc                   idloc        0000
__Hinit                    init         000C
__Hintentry                intentry     000C
__Hmaintext                maintext     0000
__Hpowerup                 powerup      0000
__Hram                     ram          0000
__Hreset_vec               reset_vec    0003
__Hsfr0                    sfr0         0000
__Hsfr1                    sfr1         0000
__Hsfr2                    sfr2         0000
__Hsfr3                    sfr3         0000
__Hspace_0                 (abs)        2009
__Hspace_1                 (abs)        00D9
__Hspace_2                 (abs)        0000
__Hspace_3                 (abs)        0000
__Hstack                   stack        0000
__Hstrings                 strings      0000
__Htext                    text         0000
__Labs1                    abs1         0000
__Lbank0                   bank0        0000
__Lbank1                   bank1        0000
__Lbank2                   bank2        0000
__Lbank3                   bank3        0000
__LbssBANK0                bssBANK0     0000
__LbssBANK1                bssBANK1     0000
__LbssCOMMON               bssCOMMON    0000
__Lcinit                   cinit        000F
__Lclrtext                 clrtext      0000
__Lcode                    code         0000
__Lcommon                  common       0000
__Lconfig                  config       2007
__LcstackBANK0             cstackBANK0  0000
__LcstackBANK1             cstackBANK1  0000
__LcstackCOMMON            cstackCOMMON 0000
__Leeprom_data             eeprom_data  0000
__Lend_init                end_init     000C
__Lfunctab                 functab      0000
__Lidloc                   idloc        0000
__Linit                    init         000C
__Lintentry                intentry     0004
__Lmaintext                maintext     0000
__Lpowerup                 powerup      0000
__Lram                     ram          0000
__Lreset_vec               reset_vec    0000
__Lsfr0                    sfr0         0000
__Lsfr1                    sfr1         0000
__Lsfr2                    sfr2         0000
__Lsfr3                    sfr3         0000
__Lspace_0                 (abs)        0000
__Lspace_1                 (abs)        0000
__Lspace_2                 (abs)        0000
__Lspace_3                 (abs)        0000
__Lstack                   stack        0000
__Lstrings                 strings      0000
__Ltext                    text         0000
__S0                       (abs)        2009
__S1                       (abs)        00D9
__S2                       (abs)        0000
__S3                       (abs)        0000
__Umul8_16                 text20       11D8
__Umul8_16@multiplicand    cstackBANK0  0020
__Umul8_16@multiplier      cstackBANK0  0028
__Umul8_16@product         cstackBANK0  0024
__Umul8_16@word_mpld       cstackBANK0  0026
___awdiv                   text24       0784
___awdiv@counter           cstackBANK0  002B
___awdiv@dividend          cstackBANK0  0028
___awdiv@divisor           cstackBANK0  0026
___awdiv@quotient          cstackBANK0  002D
___awdiv@sign              cstackBANK0  002C
___awmod                   text23       13BF
___awmod@counter           cstackBANK0  0025
___awmod@dividend          cstackBANK0  0022
___awmod@divisor           cstackBANK0  0020
___awmod@sign              cstackBANK0  0026
___fladd                   text22       1544
___fladd@a                 cstackBANK0  0036
___fladd@aexp              cstackBANK0  0047
___fladd@b                 cstackBANK0  0032
___fladd@bexp              cstackBANK0  0048
___fladd@grs               cstackBANK0  0049
___fladd@signs             cstackBANK0  0046
___fldiv                   text21       09C8
___fldiv@a                 cstackBANK0  0064
___fldiv@aexp              cstackBANK1  00D4
___fldiv@b                 cstackBANK0  0068
___fldiv@bexp              cstackBANK1  00D3
___fldiv@grs               cstackBANK1  00CF
___fldiv@new_exp           cstackBANK1  00CD
___fldiv@rem               cstackBANK1  00C8
___fldiv@sign              cstackBANK1  00CC
___flmul                   text19       0C8B
___flmul@a                 cstackBANK0  004E
___flmul@aexp              cstackBANK0  0058
___flmul@b                 cstackBANK0  004A
___flmul@bexp              cstackBANK0  005D
___flmul@grs               cstackBANK0  0059
___flmul@prod              cstackBANK0  005E
___flmul@sign              cstackBANK0  0057
___flmul@temp              cstackBANK0  0062
___flneg                   text18       1138
___flneg@f1                cstackBANK0  002E
___fltol                   text17       092C
___fltol@exp1              cstackBANK0  002A
___fltol@f1                cstackBANK0  0020
___fltol@sign1             cstackBANK0  0029
___int_sp                  stack        0000
___latbits                 (abs)        0002
___lldiv                   text12       08BD
___lldiv@counter           cstackBANK0  002D
___lldiv@dividend          cstackBANK0  0024
___lldiv@divisor           cstackBANK0  0020
___lldiv@quotient          cstackBANK0  0029
___lwdiv                   text6        1372
___lwdiv@counter           cstackBANK0  0025
___lwdiv@dividend          cstackBANK0  0022
___lwdiv@divisor           cstackBANK0  0020
___lwdiv@quotient          cstackBANK0  0026
___lwmod                   text5        12E7
___lwmod@counter           cstackBANK0  002D
___lwmod@dividend          cstackBANK0  002A
___lwmod@divisor           cstackBANK0  0028
___sp                      stack        0000
___wmul                    text16       11AE
___wmul@multiplicand       cstackBANK0  0022
___wmul@multiplier         cstackBANK0  0020
___wmul@product            cstackBANK0  0024
___xxtofl                  text15       06C0
___xxtofl@arg              cstackBANK0  002A
___xxtofl@exp              cstackBANK0  0029
___xxtofl@sign             cstackBANK0  0028
___xxtofl@val              cstackBANK0  0020
__end_of_I2C_Master_Init   text11       1271
__end_of_I2C_Master_Read   text28       1237
__end_of_I2C_Master_Start  text27       111F
__end_of_I2C_Master_Stop   text26       0800
__end_of_I2C_Master_Wait   text29       1138
__end_of_I2C_Master_Write  text25       1129
__end_of__Umul8_16         text20       1204
__end_of___awdiv           text24       07F7
__end_of___awmod           text23       1424
__end_of___fladd           text22       1800
__end_of___fldiv           text21       0C8B
__end_of___flmul           text19       1000
__end_of___flneg           text18       1147
__end_of___fltol           text17       09C8
__end_of___lldiv           text12       092C
__end_of___lwdiv           text6        13BF
__end_of___lwmod           text5        132A
__end_of___wmul            text16       11D8
__end_of___xxtofl          text15       0784
__end_of__initialization   cinit        0022
__end_of__stringtab        strings      0810
__end_of_clcLCD            text10       110E
__end_of_cmdLCD            text14       08BD
__end_of_dpowers           strings      081A
__end_of_initLCD           text9        12AC
__end_of_initUSART         text8        14B2
__end_of_isr               text30       1544
__end_of_main              maintext     05BE
__end_of_readADC           text32       08A7
__end_of_sendUSART         text31       116E
__end_of_setCursorLCD      text13       118E
__end_of_setup             text7        12E7
__end_of_sprintf           text4        06C0
__end_of_writeCharLCD      text3        1159
__end_of_writeIntLCD       text1        11AE
__end_of_writeStrLCD       text2        1372
__initialization           cinit        000F
__pbssBANK0                bssBANK0     006C
__pbssBANK1                bssBANK1     00A0
__pbssCOMMON               bssCOMMON    0070
__pcstackBANK0             cstackBANK0  0020
__pcstackBANK1             cstackBANK1  00C3
__pcstackCOMMON            cstackCOMMON 0075
__pintentry                intentry     0004
__pmaintext                maintext     0026
__pstrings                 strings      0800
__ptext1                   text1        118E
__ptext10                  text10       1107
__ptext11                  text11       1237
__ptext12                  text12       08BD
__ptext13                  text13       116E
__ptext14                  text14       08A7
__ptext15                  text15       06C0
__ptext16                  text16       11AE
__ptext17                  text17       092C
__ptext18                  text18       1138
__ptext19                  text19       0C8B
__ptext2                   text2        132A
__ptext20                  text20       11D8
__ptext21                  text21       09C8
__ptext22                  text22       1544
__ptext23                  text23       13BF
__ptext24                  text24       0784
__ptext25                  text25       111F
__ptext26                  text26       07F7
__ptext27                  text27       1116
__ptext28                  text28       1204
__ptext29                  text29       1129
__ptext3                   text3        1147
__ptext30                  text30       14B2
__ptext31                  text31       1159
__ptext32                  text32       08A2
__ptext4                   text4        05BE
__ptext5                   text5        12E7
__ptext6                   text6        1372
__ptext7                   text7        12AC
__ptext8                   text8        1424
__ptext9                   text9        1271
__size_of_I2C_Master_Init  (abs)        0000
__size_of_I2C_Master_Read  (abs)        0000
__size_of_I2C_Master_Start (abs)        0000
__size_of_I2C_Master_Stop  (abs)        0000
__size_of_I2C_Master_Wait  (abs)        0000
__size_of_I2C_Master_Write (abs)        0000
__size_of__Umul8_16        (abs)        0000
__size_of___awdiv          (abs)        0000
__size_of___awmod          (abs)        0000
__size_of___fladd          (abs)        0000
__size_of___fldiv          (abs)        0000
__size_of___flmul          (abs)        0000
__size_of___flneg          (abs)        0000
__size_of___fltol          (abs)        0000
__size_of___lldiv          (abs)        0000
__size_of___lwdiv          (abs)        0000
__size_of___lwmod          (abs)        0000
__size_of___wmul           (abs)        0000
__size_of___xxtofl         (abs)        0000
__size_of_clcLCD           (abs)        0000
__size_of_cmdLCD           (abs)        0000
__size_of_initLCD          (abs)        0000
__size_of_initUSART        (abs)        0000
__size_of_isr              (abs)        0000
__size_of_main             (abs)        0000
__size_of_readADC          (abs)        0000
__size_of_sendUSART        (abs)        0000
__size_of_setCursorLCD     (abs)        0000
__size_of_setup            (abs)        0000
__size_of_sprintf          (abs)        0000
__size_of_writeCharLCD     (abs)        0000
__size_of_writeIntLCD      (abs)        0000
__size_of_writeStrLCD      (abs)        0000
__stringbase               strings      080F
__stringtab                strings      0800
_adc                       bssBANK1     00BF
_adcP                      bssBANK1     00B7
_adcT                      bssBANK1     00C0
_alarm                     bssBANK1     00BD
_antibounce                bssBANK1     00B2
_antibounce2               bssBANK1     00B1
_clcLCD                    text10       1107
_cmdLCD                    text14       08A7
_count                     bssBANK0     006D
_count2                    bssCOMMON    0073
_count3                    bssBANK1     00B5
_cursor                    bssBANK1     00C2
_dec1                      bssBANK1     00BE
_dpowers                   strings      0810
_entero1                   bssBANK0     006E
_float1                    bssBANK1     00A8
_garage                    bssBANK1     00B3
_hall                      bssCOMMON    0074
_initLCD                   text9        1271
_initUSART                 text8        1424
_ir                        bssBANK1     00B4
_isr                       text30       14B2
_main                      maintext     0026
_mov                       bssCOMMON    0071
_readADC                   text32       08A2
_receiveUSART              bssCOMMON    0070
_screenCounter             bssBANK0     006C
_screenState               bssBANK1     00B0
_sendUSART                 text31       1159
_sensorF1                  bssBANK1     00AC
_sensorF2                  bssBANK1     00A4
_setCursorLCD              text13       116E
_setup                     text7        12AC
_signal                    bssCOMMON    0072
_sprintf                   text4        05BE
_toggle                    bssBANK1     00BA
_toggle2                   bssBANK1     00B8
_toggle3                   bssBANK1     00B6
_writeCharLCD              text3        1147
_writeIntLCD               text1        118E
_writeStrLCD               text2        132A
btemp                      (abs)        007E
clear_ram0                 clrtext      110E
cmdLCD@cmd                 cstackBANK0  0022
end_of_initialization      cinit        0022
initUSART@baudrate         cstackBANK0  0020
initUSART@rcint            cstackBANK0  0023
initUSART@syncrono         cstackBANK0  0024
initUSART@txint            cstackBANK0  0022
interrupt_function         intentry     0004
intlevel0                  functab      0000
intlevel1                  functab      0000
intlevel2                  functab      0000
intlevel3                  functab      0000
intlevel4                  functab      0000
intlevel5                  functab      0000
reset_vec                  reset_vec    0000
saved_w                    (abs)        007E
sendUSART@data             cstackCOMMON 0076
setCursorLCD@x             cstackBANK0  0023
setCursorLCD@y             cstackBANK0  0025
sprintf@ap                 cstackBANK0  0034
sprintf@c                  cstackBANK0  003A
sprintf@f                  cstackBANK0  002E
sprintf@flag               cstackBANK0  0035
sprintf@prec               cstackBANK0  0036
sprintf@sp                 cstackBANK0  0039
sprintf@val                cstackBANK0  0037
stackhi                    (abs)        0000
stacklo                    (abs)        0000
start                      init         000C
start_initialization       cinit        000F
writeCharLCD@character     cstackBANK0  0021
writeIntLCD@buffer         cstackBANK0  003E
writeIntLCD@numero         cstackBANK0  0042
writeStrLCD@cont           cstackBANK0  0027
writeStrLCD@string         cstackBANK0  0022
wtemp0                     (abs)        007E


FUNCTION INFORMATION:

 *************** function _main *****************
 Defined at:
		line 96 in file "mainM.c"
 Parameters:    Size  Location     Type
		None
 Auto vars:     Size  Location     Type
		None
 Return value:  Size  Location     Type
                  1    wreg      void 
 Registers used:
		wreg, fsr0l, fsr0h, status,2, status,0, btemp+1, pclath, cstack
 Tracked objects:
		On entry : 
		On exit  : 
		Unchanged: 
 Data sizes:     COMMON   BANK0   BANK1   BANK3   BANK2
      Params:         0       0       0       0       0
      Locals:         0       0       0       0       0
      Temps:          0       0       4       0       0
      Totals:         0       0       4       0       0
Total ram usage:        4 bytes
 Hardware stack levels required when called:    5
 This function calls:
		_I2C_Master_Read
		_I2C_Master_Start
		_I2C_Master_Stop
		_I2C_Master_Write
		___awdiv
		___awmod
		___fladd
		___fldiv
		___flmul
		___flneg
		___fltol
		___wmul
		___xxtofl
		_setCursorLCD
		_setup
		_writeCharLCD
		_writeIntLCD
		_writeStrLCD
 This function is called by:
		Startup code after reset
 This function uses a non-reentrant model


 *************** function _writeIntLCD *****************
 Defined at:
		line 57 in file "LCD.c"
 Parameters:    Size  Location     Type
  numero          1    wreg     unsigned char 
 Auto vars:     Size  Location     Type
  numero          1   34[BANK0 ] unsigned char 
  buffer          4   30[BANK0 ] unsigned char [4]
 Return value:  Size  Location     Type
                  1    wreg      void 
 Registers used:
		wreg, fsr0l, fsr0h, status,2, status,0, btemp+1, pclath, cstack
 Tracked objects:
		On entry : 
		On exit  : 
		Unchanged: 
 Data sizes:     COMMON   BANK0   BANK1   BANK3   BANK2
      Params:         0       0       0       0       0
      Locals:         0       5       0       0       0
      Temps:          0       3       0       0       0
      Totals:         0       8       0       0       0
Total ram usage:        8 bytes
 Hardware stack levels used:    1
 Hardware stack levels required when called:    4
 This function calls:
		_sprintf
		_writeStrLCD
 This function is called by:
		_main
		_writeFloat
 This function uses a non-reentrant model


 *************** function _writeStrLCD *****************
 Defined at:
		line 21 in file "LCD.c"
 Parameters:    Size  Location     Type
  string          2    2[BANK0 ] PTR unsigned char 
		 -> STR_25(15), STR_24(15), STR_23(15), STR_22(15), 
		 -> STR_21(12), STR_20(7), STR_19(8), STR_18(15), 
		 -> STR_17(11), STR_16(8), STR_15(8), STR_14(8), 
		 -> STR_13(12), STR_12(15), STR_11(15), STR_10(15), 
		 -> STR_9(11), STR_8(8), STR_7(8), STR_6(8), 
		 -> STR_5(12), STR_4(5), STR_3(6), writeIntLCD16@buffer(5), 
		 -> writeIntLCD@buffer(4), 
 Auto vars:     Size  Location     Type
  cont            2    7[BANK0 ] int 
 Return value:  Size  Location     Type
                  1    wreg      void 
 Registers used:
		wreg, fsr0l, fsr0h, status,2, status,0, btemp+1, pclath, cstack
 Tracked objects:
		On entry : 
		On exit  : 
		Unchanged: 
 Data sizes:     COMMON   BANK0   BANK1   BANK3   BANK2
      Params:         0       2       0       0       0
      Locals:         0       2       0       0       0
      Temps:          0       3       0       0       0
      Totals:         0       7       0       0       0
Total ram usage:        7 bytes
 Hardware stack levels used:    1
 Hardware stack levels required when called:    3
 This function calls:
		_writeCharLCD
 This function is called by:
		_writeIntLCD
		_main
		_writeIntLCD16
 This function uses a non-reentrant model


 *************** function _writeCharLCD *****************
 Defined at:
		line 28 in file "LCD.c"
 Parameters:    Size  Location     Type
  character       1    wreg     unsigned char 
 Auto vars:     Size  Location     Type
  character       1    1[BANK0 ] unsigned char 
 Return value:  Size  Location     Type
                  1    wreg      void 
 Registers used:
		wreg
 Tracked objects:
		On entry : 
		On exit  : 
		Unchanged: 
 Data sizes:     COMMON   BANK0   BANK1   BANK3   BANK2
      Params:         0       0       0       0       0
      Locals:         0       1       0       0       0
      Temps:          0       1       0       0       0
      Totals:         0       2       0       0       0
Total ram usage:        2 bytes
 Hardware stack levels used:    1
 Hardware stack levels required when called:    2
 This function calls:
		Nothing
 This function is called by:
		_writeStrLCD
		_main
		_writeFloat
 This function uses a non-reentrant model


 *************** function _sprintf *****************
 Defined at:
		line 500 in file "C:\Program Files (x86)\Microchip\xc8\v2.00\pic\sources\c90\common\doprnt.c"
 Parameters:    Size  Location     Type
  sp              1    wreg     PTR unsigned char 
		 -> writeIntLCD16@buffer(5), writeIntLCD@buffer(4), 
  f               1   14[BANK0 ] PTR const unsigned char 
		 -> STR_2(3), STR_1(3), 
 Auto vars:     Size  Location     Type
  sp              1   25[BANK0 ] PTR unsigned char 
		 -> writeIntLCD16@buffer(5), writeIntLCD@buffer(4), 
  tmpval          4    0        struct .
  val             2   23[BANK0 ] unsigned int 
  cp              2    0        PTR const unsigned char 
  len             2    0        unsigned int 
  c               1   26[BANK0 ] unsigned char 
  prec            1   22[BANK0 ] char 
  flag            1   21[BANK0 ] unsigned char 
  ap              1   20[BANK0 ] PTR void [1]
		 -> ?_sprintf(2), 
 Return value:  Size  Location     Type
                  2   14[BANK0 ] int 
 Registers used:
		wreg, fsr0l, fsr0h, status,2, status,0, btemp+1, pclath, cstack
 Tracked objects:
		On entry : 
		On exit  : 
		Unchanged: 
 Data sizes:     COMMON   BANK0   BANK1   BANK3   BANK2
      Params:         0       3       0       0       0
      Locals:         0       7       0       0       0
      Temps:          0       3       0       0       0
      Totals:         0      13       0       0       0
Total ram usage:       13 bytes
 Hardware stack levels used:    1
 Hardware stack levels required when called:    3
 This function calls:
		___lwdiv
		___lwmod
 This function is called by:
		_writeIntLCD
		_writeIntLCD16
 This function uses a non-reentrant model


 *************** function ___lwmod *****************
 Defined at:
		line 5 in file "C:\Program Files (x86)\Microchip\xc8\v2.00\pic\sources\c90\common\lwmod.c"
 Parameters:    Size  Location     Type
  divisor         2    8[BANK0 ] unsigned int 
  dividend        2   10[BANK0 ] unsigned int 
 Auto vars:     Size  Location     Type
  counter         1   13[BANK0 ] unsigned char 
 Return value:  Size  Location     Type
                  2    8[BANK0 ] unsigned int 
 Registers used:
		wreg, status,2, status,0
 Tracked objects:
		On entry : 
		On exit  : 
		Unchanged: 
 Data sizes:     COMMON   BANK0   BANK1   BANK3   BANK2
      Params:         0       4       0       0       0
      Locals:         0       1       0       0       0
      Temps:          0       1       0       0       0
      Totals:         0       6       0       0       0
Total ram usage:        6 bytes
 Hardware stack levels used:    1
 Hardware stack levels required when called:    2
 This function calls:
		Nothing
 This function is called by:
		_sprintf
 This function uses a non-reentrant model


 *************** function ___lwdiv *****************
 Defined at:
		line 5 in file "C:\Program Files (x86)\Microchip\xc8\v2.00\pic\sources\c90\common\lwdiv.c"
 Parameters:    Size  Location     Type
  divisor         2    0[BANK0 ] unsigned int 
  dividend        2    2[BANK0 ] unsigned int 
 Auto vars:     Size  Location     Type
  quotient        2    6[BANK0 ] unsigned int 
  counter         1    5[BANK0 ] unsigned char 
 Return value:  Size  Location     Type
                  2    0[BANK0 ] unsigned int 
 Registers used:
		wreg, status,2, status,0
 Tracked objects:
		On entry : 
		On exit  : 
		Unchanged: 
 Data sizes:     COMMON   BANK0   BANK1   BANK3   BANK2
      Params:         0       4       0       0       0
      Locals:         0       3       0       0       0
      Temps:          0       1       0       0       0
      Totals:         0       8       0       0       0
Total ram usage:        8 bytes
 Hardware stack levels used:    1
 Hardware stack levels required when called:    2
 This function calls:
		Nothing
 This function is called by:
		_sprintf
 This function uses a non-reentrant model


 *************** function _setup *****************
 Defined at:
		line 308 in file "mainM.c"
 Parameters:    Size  Location     Type
		None
 Auto vars:     Size  Location     Type
		None
 Return value:  Size  Location     Type
                  1    wreg      void 
 Registers used:
		wreg, status,2, status,0, pclath, cstack
 Tracked objects:
		On entry : 
		On exit  : 
		Unchanged: 
 Data sizes:     COMMON   BANK0   BANK1   BANK3   BANK2
      Params:         0       0       0       0       0
      Locals:         0       0       0       0       0
      Temps:          0       0       0       0       0
      Totals:         0       0       0       0       0
Total ram usage:        0 bytes
 Hardware stack levels used:    1
 Hardware stack levels required when called:    4
 This function calls:
		_I2C_Master_Init
		_clcLCD
		_initLCD
		_initUSART
 This function is called by:
		_main
 This function uses a non-reentrant model


 *************** function _initUSART *****************
 Defined at:
		line 5 in file "USART.c"
 Parameters:    Size  Location     Type
  baudrate        2    0[BANK0 ] unsigned int 
  txint           1    2[BANK0 ] unsigned char 
  rcint           1    3[BANK0 ] unsigned char 
  syncrono        1    4[BANK0 ] unsigned char 
 Auto vars:     Size  Location     Type
		None
 Return value:  Size  Location     Type
                  1    wreg      void 
 Registers used:
		wreg, status,2, status,0
 Tracked objects:
		On entry : 
		On exit  : 
		Unchanged: 
 Data sizes:     COMMON   BANK0   BANK1   BANK3   BANK2
      Params:         0       5       0       0       0
      Locals:         0       0       0       0       0
      Temps:          0       0       0       0       0
      Totals:         0       5       0       0       0
Total ram usage:        5 bytes
 Hardware stack levels used:    1
 Hardware stack levels required when called:    2
 This function calls:
		Nothing
 This function is called by:
		_setup
 This function uses a non-reentrant model


 *************** function _initLCD *****************
 Defined at:
		line 36 in file "LCD.c"
 Parameters:    Size  Location     Type
		None
 Auto vars:     Size  Location     Type
		None
 Return value:  Size  Location     Type
                  1    wreg      void 
 Registers used:
		wreg, status,2, status,0, pclath, cstack
 Tracked objects:
		On entry : 
		On exit  : 
		Unchanged: 
 Data sizes:     COMMON   BANK0   BANK1   BANK3   BANK2
      Params:         0       0       0       0       0
      Locals:         0       0       0       0       0
      Temps:          0       2       0       0       0
      Totals:         0       2       0       0       0
Total ram usage:        2 bytes
 Hardware stack levels used:    1
 Hardware stack levels required when called:    3
 This function calls:
		_cmdLCD
 This function is called by:
		_setup
 This function uses a non-reentrant model


 *************** function _clcLCD *****************
 Defined at:
		line 17 in file "LCD.c"
 Parameters:    Size  Location     Type
		None
 Auto vars:     Size  Location     Type
		None
 Return value:  Size  Location     Type
                  1    wreg      void 
 Registers used:
		wreg, status,2, status,0, pclath, cstack
 Tracked objects:
		On entry : 
		On exit  : 
		Unchanged: 
 Data sizes:     COMMON   BANK0   BANK1   BANK3   BANK2
      Params:         0       0       0       0       0
      Locals:         0       0       0       0       0
      Temps:          0       0       0       0       0
      Totals:         0       0       0       0       0
Total ram usage:        0 bytes
 Hardware stack levels used:    1
 Hardware stack levels required when called:    3
 This function calls:
		_cmdLCD
 This function is called by:
		_setup
 This function uses a non-reentrant model


 *************** function _I2C_Master_Init *****************
 Defined at:
		line 16 in file "I2C.c"
 Parameters:    Size  Location     Type
  c               4   14[BANK0 ] const unsigned long 
 Auto vars:     Size  Location     Type
		None
 Return value:  Size  Location     Type
                  1    wreg      void 
 Registers used:
		wreg, status,2, status,0, pclath, cstack
 Tracked objects:
		On entry : 
		On exit  : 
		Unchanged: 
 Data sizes:     COMMON   BANK0   BANK1   BANK3   BANK2
      Params:         0       4       0       0       0
      Locals:         0       0       0       0       0
      Temps:          0       4       0       0       0
      Totals:         0       8       0       0       0
Total ram usage:        8 bytes
 Hardware stack levels used:    1
 Hardware stack levels required when called:    3
 This function calls:
		___lldiv
 This function is called by:
		_setup
 This function uses a non-reentrant model


 *************** function ___lldiv *****************
 Defined at:
		line 5 in file "C:\Program Files (x86)\Microchip\xc8\v2.00\pic\sources\c90\common\__lldiv.c"
 Parameters:    Size  Location     Type
  divisor         4    0[BANK0 ] unsigned long 
  dividend        4    4[BANK0 ] unsigned long 
 Auto vars:     Size  Location     Type
  quotient        4    9[BANK0 ] unsigned long 
  counter         1   13[BANK0 ] unsigned char 
 Return value:  Size  Location     Type
                  4    0[BANK0 ] unsigned long 
 Registers used:
		wreg, status,2, status,0
 Tracked objects:
		On entry : 
		On exit  : 
		Unchanged: 
 Data sizes:     COMMON   BANK0   BANK1   BANK3   BANK2
      Params:         0       8       0       0       0
      Locals:         0       5       0       0       0
      Temps:          0       1       0       0       0
      Totals:         0      14       0       0       0
Total ram usage:       14 bytes
 Hardware stack levels used:    1
 Hardware stack levels required when called:    2
 This function calls:
		Nothing
 This function is called by:
		_I2C_Master_Init
 This function uses a non-reentrant model


 *************** function _setCursorLCD *****************
 Defined at:
		line 8 in file "LCD.c"
 Parameters:    Size  Location     Type
  y               1    wreg     unsigned char 
  x               1    3[BANK0 ] unsigned char 
 Auto vars:     Size  Location     Type
  y               1    5[BANK0 ] unsigned char 
 Return value:  Size  Location     Type
                  1    wreg      void 
 Registers used:
		wreg, status,2, status,0, pclath, cstack
 Tracked objects:
		On entry : 
		On exit  : 
		Unchanged: 
 Data sizes:     COMMON   BANK0   BANK1   BANK3   BANK2
      Params:         0       1       0       0       0
      Locals:         0       1       0       0       0
      Temps:          0       1       0       0       0
      Totals:         0       3       0       0       0
Total ram usage:        3 bytes
 Hardware stack levels used:    1
 Hardware stack levels required when called:    3
 This function calls:
		_cmdLCD
 This function is called by:
		_main
		_writeFloat
 This function uses a non-reentrant model


 *************** function _cmdLCD *****************
 Defined at:
		line 49 in file "LCD.c"
 Parameters:    Size  Location     Type
  cmd             1    wreg     unsigned char 
 Auto vars:     Size  Location     Type
  cmd             1    2[BANK0 ] unsigned char 
 Return value:  Size  Location     Type
                  1    wreg      void 
 Registers used:
		wreg
 Tracked objects:
		On entry : 
		On exit  : 
		Unchanged: 
 Data sizes:     COMMON   BANK0   BANK1   BANK3   BANK2
      Params:         0       0       0       0       0
      Locals:         0       1       0       0       0
      Temps:          0       2       0       0       0
      Totals:         0       3       0       0       0
Total ram usage:        3 bytes
 Hardware stack levels used:    1
 Hardware stack levels required when called:    2
 This function calls:
		Nothing
 This function is called by:
		_setCursorLCD
		_clcLCD
		_initLCD
 This function uses a non-reentrant model


 *************** function ___xxtofl *****************
 Defined at:
		line 10 in file "C:\Program Files (x86)\Microchip\xc8\v2.00\pic\sources\c90\common\xxtofl.c"
 Parameters:    Size  Location     Type
  sign            1    wreg     unsigned char 
  val             4    0[BANK0 ] long 
 Auto vars:     Size  Location     Type
  sign            1    8[BANK0 ] unsigned char 
  arg             4   10[BANK0 ] unsigned long 
  exp             1    9[BANK0 ] unsigned char 
 Return value:  Size  Location     Type
                  4    0[BANK0 ] unsigned char 
 Registers used:
		wreg, status,2, status,0
 Tracked objects:
		On entry : 
		On exit  : 
		Unchanged: 
 Data sizes:     COMMON   BANK0   BANK1   BANK3   BANK2
      Params:         0       4       0       0       0
      Locals:         0       6       0       0       0
      Temps:          0       4       0       0       0
      Totals:         0      14       0       0       0
Total ram usage:       14 bytes
 Hardware stack levels used:    1
 Hardware stack levels required when called:    2
 This function calls:
		Nothing
 This function is called by:
		_main
 This function uses a non-reentrant model


 *************** function ___wmul *****************
 Defined at:
		line 15 in file "C:\Program Files (x86)\Microchip\xc8\v2.00\pic\sources\c90\common\Umul16.c"
 Parameters:    Size  Location     Type
  multiplier      2    0[BANK0 ] unsigned int 
  multiplicand    2    2[BANK0 ] unsigned int 
 Auto vars:     Size  Location     Type
  product         2    4[BANK0 ] unsigned int 
 Return value:  Size  Location     Type
                  2    0[BANK0 ] unsigned int 
 Registers used:
		wreg, status,2, status,0
 Tracked objects:
		On entry : 
		On exit  : 
		Unchanged: 
 Data sizes:     COMMON   BANK0   BANK1   BANK3   BANK2
      Params:         0       4       0       0       0
      Locals:         0       2       0       0       0
      Temps:          0       0       0       0       0
      Totals:         0       6       0       0       0
Total ram usage:        6 bytes
 Hardware stack levels used:    1
 Hardware stack levels required when called:    2
 This function calls:
		Nothing
 This function is called by:
		_main
 This function uses a non-reentrant model


 *************** function ___fltol *****************
 Defined at:
		line 43 in file "C:\Program Files (x86)\Microchip\xc8\v2.00\pic\sources\c90\common\fltol.c"
 Parameters:    Size  Location     Type
  f1              4    0[BANK0 ] unsigned int 
 Auto vars:     Size  Location     Type
  exp1            1   10[BANK0 ] unsigned char 
  sign1           1    9[BANK0 ] unsigned char 
 Return value:  Size  Location     Type
                  4    0[BANK0 ] long 
 Registers used:
		wreg, status,2, status,0
 Tracked objects:
		On entry : 
		On exit  : 
		Unchanged: 
 Data sizes:     COMMON   BANK0   BANK1   BANK3   BANK2
      Params:         0       4       0       0       0
      Locals:         0       2       0       0       0
      Temps:          0       5       0       0       0
      Totals:         0      11       0       0       0
Total ram usage:       11 bytes
 Hardware stack levels used:    1
 Hardware stack levels required when called:    2
 This function calls:
		Nothing
 This function is called by:
		_main
 This function uses a non-reentrant model


 *************** function ___flneg *****************
 Defined at:
		line 15 in file "C:\Program Files (x86)\Microchip\xc8\v2.00\pic\sources\c90\common\flneg.c"
 Parameters:    Size  Location     Type
  f1              4   14[BANK0 ] long 
 Auto vars:     Size  Location     Type
		None
 Return value:  Size  Location     Type
                  4   14[BANK0 ] long 
 Registers used:
		wreg
 Tracked objects:
		On entry : 
		On exit  : 
		Unchanged: 
 Data sizes:     COMMON   BANK0   BANK1   BANK3   BANK2
      Params:         0       4       0       0       0
      Locals:         0       0       0       0       0
      Temps:          0       0       0       0       0
      Totals:         0       4       0       0       0
Total ram usage:        4 bytes
 Hardware stack levels used:    1
 Hardware stack levels required when called:    2
 This function calls:
		Nothing
 This function is called by:
		_main
 This function uses a non-reentrant model


 *************** function ___flmul *****************
 Defined at:
		line 8 in file "C:\Program Files (x86)\Microchip\xc8\v2.00\pic\sources\c90\common\sprcmul.c"
 Parameters:    Size  Location     Type
  b               4   42[BANK0 ] long 
  a               4   46[BANK0 ] long 
 Auto vars:     Size  Location     Type
  prod            4   62[BANK0 ] struct .
  grs             4   57[BANK0 ] unsigned long 
  temp            2   66[BANK0 ] struct .
  bexp            1   61[BANK0 ] unsigned char 
  aexp            1   56[BANK0 ] unsigned char 
  sign            1   55[BANK0 ] unsigned char 
 Return value:  Size  Location     Type
                  4   42[BANK0 ] unsigned char 
 Registers used:
		wreg, status,2, status,0, btemp+1, pclath, cstack
 Tracked objects:
		On entry : 
		On exit  : 
		Unchanged: 
 Data sizes:     COMMON   BANK0   BANK1   BANK3   BANK2
      Params:         0       8       0       0       0
      Locals:         0      13       0       0       0
      Temps:          0       5       0       0       0
      Totals:         0      26       0       0       0
Total ram usage:       26 bytes
 Hardware stack levels used:    1
 Hardware stack levels required when called:    3
 This function calls:
		__Umul8_16
 This function is called by:
		_main
 This function uses a non-reentrant model


 *************** function __Umul8_16 *****************
 Defined at:
		line 4 in file "C:\Program Files (x86)\Microchip\xc8\v2.00\pic\sources\c90\common\Umul8_16.c"
 Parameters:    Size  Location     Type
  multiplier      1    wreg     unsigned char 
  multiplicand    1    0[BANK0 ] unsigned char 
 Auto vars:     Size  Location     Type
  multiplier      1    8[BANK0 ] unsigned char 
  word_mpld       2    6[BANK0 ] unsigned int 
  product         2    4[BANK0 ] unsigned int 
 Return value:  Size  Location     Type
                  2    0[BANK0 ] unsigned int 
 Registers used:
		wreg, status,2, status,0
 Tracked objects:
		On entry : 
		On exit  : 
		Unchanged: 
 Data sizes:     COMMON   BANK0   BANK1   BANK3   BANK2
      Params:         0       2       0       0       0
      Locals:         0       5       0       0       0
      Temps:          0       2       0       0       0
      Totals:         0       9       0       0       0
Total ram usage:        9 bytes
 Hardware stack levels used:    1
 Hardware stack levels required when called:    2
 This function calls:
		Nothing
 This function is called by:
		___flmul
 This function uses a non-reentrant model


 *************** function ___fldiv *****************
 Defined at:
		line 8 in file "C:\Program Files (x86)\Microchip\xc8\v2.00\pic\sources\c90\common\sprcdiv.c"
 Parameters:    Size  Location     Type
  a               4   68[BANK0 ] unsigned int 
  b               4   72[BANK0 ] unsigned int 
 Auto vars:     Size  Location     Type
  grs             4   12[BANK1 ] unsigned long 
  rem             4    5[BANK1 ] unsigned long 
  new_exp         2   10[BANK1 ] int 
  aexp            1   17[BANK1 ] unsigned char 
  bexp            1   16[BANK1 ] unsigned char 
  sign            1    9[BANK1 ] unsigned char 
 Return value:  Size  Location     Type
                  4   68[BANK0 ] unsigned char 
 Registers used:
		wreg, status,2, status,0, btemp+1
 Tracked objects:
		On entry : 
		On exit  : 
		Unchanged: 
 Data sizes:     COMMON   BANK0   BANK1   BANK3   BANK2
      Params:         0       8       0       0       0
      Locals:         0       0      13       0       0
      Temps:          0       0       5       0       0
      Totals:         0       8      18       0       0
Total ram usage:       26 bytes
 Hardware stack levels used:    1
 Hardware stack levels required when called:    2
 This function calls:
		Nothing
 This function is called by:
		_main
 This function uses a non-reentrant model


 *************** function ___fladd *****************
 Defined at:
		line 10 in file "C:\Program Files (x86)\Microchip\xc8\v2.00\pic\sources\c90\common\sprcadd.c"
 Parameters:    Size  Location     Type
  b               4   18[BANK0 ] unsigned char 
  a               4   22[BANK0 ] unsigned char 
 Auto vars:     Size  Location     Type
  grs             1   41[BANK0 ] unsigned char 
  bexp            1   40[BANK0 ] unsigned char 
  aexp            1   39[BANK0 ] unsigned char 
  signs           1   38[BANK0 ] unsigned char 
 Return value:  Size  Location     Type
                  4   18[BANK0 ] unsigned char 
 Registers used:
		wreg, status,2, status,0, btemp+1
 Tracked objects:
		On entry : 
		On exit  : 
		Unchanged: 
 Data sizes:     COMMON   BANK0   BANK1   BANK3   BANK2
      Params:         0       8       0       0       0
      Locals:         0       4       0       0       0
      Temps:          0      12       0       0       0
      Totals:         0      24       0       0       0
Total ram usage:       24 bytes
 Hardware stack levels used:    1
 Hardware stack levels required when called:    2
 This function calls:
		Nothing
 This function is called by:
		_main
 This function uses a non-reentrant model


 *************** function ___awmod *****************
 Defined at:
		line 5 in file "C:\Program Files (x86)\Microchip\xc8\v2.00\pic\sources\c90\common\awmod.c"
 Parameters:    Size  Location     Type
  divisor         2    0[BANK0 ] int 
  dividend        2    2[BANK0 ] int 
 Auto vars:     Size  Location     Type
  sign            1    6[BANK0 ] unsigned char 
  counter         1    5[BANK0 ] unsigned char 
 Return value:  Size  Location     Type
                  2    0[BANK0 ] int 
 Registers used:
		wreg, status,2, status,0
 Tracked objects:
		On entry : 
		On exit  : 
		Unchanged: 
 Data sizes:     COMMON   BANK0   BANK1   BANK3   BANK2
      Params:         0       4       0       0       0
      Locals:         0       2       0       0       0
      Temps:          0       1       0       0       0
      Totals:         0       7       0       0       0
Total ram usage:        7 bytes
 Hardware stack levels used:    1
 Hardware stack levels required when called:    2
 This function calls:
		Nothing
 This function is called by:
		_main
 This function uses a non-reentrant model


 *************** function ___awdiv *****************
 Defined at:
		line 5 in file "C:\Program Files (x86)\Microchip\xc8\v2.00\pic\sources\c90\common\awdiv.c"
 Parameters:    Size  Location     Type
  divisor         2    6[BANK0 ] int 
  dividend        2    8[BANK0 ] int 
 Auto vars:     Size  Location     Type
  quotient        2   13[BANK0 ] int 
  sign            1   12[BANK0 ] unsigned char 
  counter         1   11[BANK0 ] unsigned char 
 Return value:  Size  Location     Type
                  2    6[BANK0 ] int 
 Registers used:
		wreg, status,2, status,0
 Tracked objects:
		On entry : 
		On exit  : 
		Unchanged: 
 Data sizes:     COMMON   BANK0   BANK1   BANK3   BANK2
      Params:         0       4       0       0       0
      Locals:         0       4       0       0       0
      Temps:          0       1       0       0       0
      Totals:         0       9       0       0       0
Total ram usage:        9 bytes
 Hardware stack levels used:    1
 Hardware stack levels required when called:    2
 This function calls:
		Nothing
 This function is called by:
		_main
 This function uses a non-reentrant model


 *************** function _I2C_Master_Write *****************
 Defined at:
		line 65 in file "I2C.c"
 Parameters:    Size  Location     Type
  d               2    0[BANK0 ] unsigned int 
 Auto vars:     Size  Location     Type
		None
 Return value:  Size  Location     Type
                  1    wreg      void 
 Registers used:
		wreg, status,2, status,0, pclath, cstack
 Tracked objects:
		On entry : 
		On exit  : 
		Unchanged: 
 Data sizes:     COMMON   BANK0   BANK1   BANK3   BANK2
      Params:         0       2       0       0       0
      Locals:         0       0       0       0       0
      Temps:          0       0       0       0       0
      Totals:         0       2       0       0       0
Total ram usage:        2 bytes
 Hardware stack levels used:    1
 Hardware stack levels required when called:    3
 This function calls:
		_I2C_Master_Wait
 This function is called by:
		_main
 This function uses a non-reentrant model


 *************** function _I2C_Master_Stop *****************
 Defined at:
		line 55 in file "I2C.c"
 Parameters:    Size  Location     Type
		None
 Auto vars:     Size  Location     Type
		None
 Return value:  Size  Location     Type
                  1    wreg      void 
 Registers used:
		wreg, status,2, status,0, pclath, cstack
 Tracked objects:
		On entry : 
		On exit  : 
		Unchanged: 
 Data sizes:     COMMON   BANK0   BANK1   BANK3   BANK2
      Params:         0       0       0       0       0
      Locals:         0       0       0       0       0
      Temps:          0       0       0       0       0
      Totals:         0       0       0       0       0
Total ram usage:        0 bytes
 Hardware stack levels used:    1
 Hardware stack levels required when called:    3
 This function calls:
		_I2C_Master_Wait
 This function is called by:
		_main
 This function uses a non-reentrant model


 *************** function _I2C_Master_Start *****************
 Defined at:
		line 39 in file "I2C.c"
 Parameters:    Size  Location     Type
		None
 Auto vars:     Size  Location     Type
		None
 Return value:  Size  Location     Type
                  1    wreg      void 
 Registers used:
		wreg, status,2, status,0, pclath, cstack
 Tracked objects:
		On entry : 
		On exit  : 
		Unchanged: 
 Data sizes:     COMMON   BANK0   BANK1   BANK3   BANK2
      Params:         0       0       0       0       0
      Locals:         0       0       0       0       0
      Temps:          0       0       0       0       0
      Totals:         0       0       0       0       0
Total ram usage:        0 bytes
 Hardware stack levels used:    1
 Hardware stack levels required when called:    3
 This function calls:
		_I2C_Master_Wait
 This function is called by:
		_main
 This function uses a non-reentrant model


 *************** function _I2C_Master_Read *****************
 Defined at:
		line 74 in file "I2C.c"
 Parameters:    Size  Location     Type
  a               2    0[BANK0 ] unsigned short 
 Auto vars:     Size  Location     Type
  temp            2    4[BANK0 ] unsigned short 
 Return value:  Size  Location     Type
                  2    0[BANK0 ] unsigned short 
 Registers used:
		wreg, status,2, status,0, pclath, cstack
 Tracked objects:
		On entry : 
		On exit  : 
		Unchanged: 
 Data sizes:     COMMON   BANK0   BANK1   BANK3   BANK2
      Params:         0       2       0       0       0
      Locals:         0       2       0       0       0
      Temps:          0       2       0       0       0
      Totals:         0       6       0       0       0
Total ram usage:        6 bytes
 Hardware stack levels used:    1
 Hardware stack levels required when called:    3
 This function calls:
		_I2C_Master_Wait
 This function is called by:
		_main
 This function uses a non-reentrant model


 *************** function _I2C_Master_Wait *****************
 Defined at:
		line 32 in file "I2C.c"
 Parameters:    Size  Location     Type
		None
 Auto vars:     Size  Location     Type
		None
 Return value:  Size  Location     Type
                  1    wreg      void 
 Registers used:
		wreg, status,2
 Tracked objects:
		On entry : 
		On exit  : 
		Unchanged: 
 Data sizes:     COMMON   BANK0   BANK1   BANK3   BANK2
      Params:         0       0       0       0       0
      Locals:         0       0       0       0       0
      Temps:          0       0       0       0       0
      Totals:         0       0       0       0       0
Total ram usage:        0 bytes
 Hardware stack levels used:    1
 Hardware stack levels required when called:    2
 This function calls:
		Nothing
 This function is called by:
		_I2C_Master_Start
		_I2C_Master_Stop
		_I2C_Master_Write
		_I2C_Master_Read
		_I2C_Master_RepeatedStart
 This function uses a non-reentrant model


 *************** function _isr *****************
 Defined at:
		line 64 in file "mainM.c"
 Parameters:    Size  Location     Type
		None
 Auto vars:     Size  Location     Type
		None
 Return value:  Size  Location     Type
                  1    wreg      void 
 Registers used:
		wreg, status,2, status,0, pclath, cstack
 Tracked objects:
		On entry : 
		On exit  : 
		Unchanged: 
 Data sizes:     COMMON   BANK0   BANK1   BANK3   BANK2
      Params:         0       0       0       0       0
      Locals:         0       0       0       0       0
      Temps:          3       0       0       0       0
      Totals:         3       0       0       0       0
Total ram usage:        3 bytes
 Hardware stack levels used:    1
 Hardware stack levels required when called:    1
 This function calls:
		_readADC
		_sendUSART
 This function is called by:
		Interrupt level 1
 This function uses a non-reentrant model


 *************** function _sendUSART *****************
 Defined at:
		line 43 in file "USART.c"
 Parameters:    Size  Location     Type
  data            1    wreg     unsigned char 
 Auto vars:     Size  Location     Type
  data            1    1[COMMON] unsigned char 
 Return value:  Size  Location     Type
                  1    wreg      void 
 Registers used:
		wreg
 Tracked objects:
		On entry : 
		On exit  : 
		Unchanged: 
 Data sizes:     COMMON   BANK0   BANK1   BANK3   BANK2
      Params:         0       0       0       0       0
      Locals:         1       0       0       0       0
      Temps:          1       0       0       0       0
      Totals:         2       0       0       0       0
Total ram usage:        2 bytes
 Hardware stack levels used:    1
 This function calls:
		Nothing
 This function is called by:
		_isr
 This function uses a non-reentrant model


 *************** function _readADC *****************
 Defined at:
		line 6 in file "ADC.c"
 Parameters:    Size  Location     Type
		None
 Auto vars:     Size  Location     Type
		None
 Return value:  Size  Location     Type
                  1    wreg      unsigned char 
 Registers used:
		wreg
 Tracked objects:
		On entry : 
		On exit  : 
		Unchanged: 
 Data sizes:     COMMON   BANK0   BANK1   BANK3   BANK2
      Params:         0       0       0       0       0
      Locals:         0       0       0       0       0
      Temps:          0       0       0       0       0
      Totals:         0       0       0       0       0
Total ram usage:        0 bytes
 Hardware stack levels used:    1
 This function calls:
		Nothing
 This function is called by:
		_isr
 This function uses a non-reentrant model



MODULE INFORMATION

Module		Function		Class		Link	Load	Size
USART.c
		_sendUSART     		CODE           	1159	0000	22
		_initUSART     		CODE           	1424	0000	143

USART.c estimated size: 165

C:\Program Files (x86)\Microchip\xc8\v2.00\pic\sources\c90\common\lwmod.c
		___lwmod       		CODE           	12E7	0000	68

C:\Program Files (x86)\Microchip\xc8\v2.00\pic\sources\c90\common\lwmod.c estimated size: 68

C:\Program Files (x86)\Microchip\xc8\v2.00\pic\sources\c90\common\awmod.c
		___awmod       		CODE           	13BF	0000	102

C:\Program Files (x86)\Microchip\xc8\v2.00\pic\sources\c90\common\awmod.c estimated size: 102

C:\Program Files (x86)\Microchip\xc8\v2.00\pic\sources\c90\common\doprnt.c
		_sprintf       		CODE           	05BE	0000	259

C:\Program Files (x86)\Microchip\xc8\v2.00\pic\sources\c90\common\doprnt.c estimated size: 259

C:\Program Files (x86)\Microchip\xc8\v2.00\pic\sources\c90\common\sprcmul.c
		___flmul       		CODE           	0C8B	0000	886

C:\Program Files (x86)\Microchip\xc8\v2.00\pic\sources\c90\common\sprcmul.c estimated size: 886

C:\Program Files (x86)\Microchip\xc8\v2.00\pic\sources\c90\common\sprcdiv.c
		___fldiv       		CODE           	09C8	0000	708

C:\Program Files (x86)\Microchip\xc8\v2.00\pic\sources\c90\common\sprcdiv.c estimated size: 708

C:\Program Files (x86)\Microchip\xc8\v2.00\pic\sources\c90\common\Umul16.c
		___wmul        		CODE           	11AE	0000	43

C:\Program Files (x86)\Microchip\xc8\v2.00\pic\sources\c90\common\Umul16.c estimated size: 43

mainM.c
		_main          		CODE           	0026	0000	1433
		_isr           		CODE           	14B2	0000	147
		_setup         		CODE           	12AC	0000	60

mainM.c estimated size: 1640

I2C.c
		_I2C_Master_Read		CODE           	1204	0000	52
		_I2C_Master_Wait		CODE           	1129	0000	16
		_I2C_Master_Init		CODE           	1237	0000	59
		_I2C_Master_Stop		CODE           	07F7	0000	10
		_I2C_Master_Write		CODE           	111F	0000	11
		_I2C_Master_Start		CODE           	1116	0000	10

I2C.c estimated size: 158

C:\Program Files (x86)\Microchip\xc8\v2.00\pic\sources\c90\common\__lldiv.c
		___lldiv       		CODE           	08BD	0000	112

C:\Program Files (x86)\Microchip\xc8\v2.00\pic\sources\c90\common\__lldiv.c estimated size: 112

C:\Program Files (x86)\Microchip\xc8\v2.00\pic\sources\c90\common\lwdiv.c
		___lwdiv       		CODE           	1372	0000	78

C:\Program Files (x86)\Microchip\xc8\v2.00\pic\sources\c90\common\lwdiv.c estimated size: 78

C:\Program Files (x86)\Microchip\xc8\v2.00\pic\sources\c90\common\awdiv.c
		___awdiv       		CODE           	0784	0000	116

C:\Program Files (x86)\Microchip\xc8\v2.00\pic\sources\c90\common\awdiv.c estimated size: 116

C:\Program Files (x86)\Microchip\xc8\v2.00\pic\sources\c90\common\fltol.c
		___fltol       		CODE           	092C	0000	157

C:\Program Files (x86)\Microchip\xc8\v2.00\pic\sources\c90\common\fltol.c estimated size: 157

C:\Program Files (x86)\Microchip\xc8\v2.00\pic\sources\c90\common\sprcadd.c
		___fladd       		CODE           	1544	0000	701

C:\Program Files (x86)\Microchip\xc8\v2.00\pic\sources\c90\common\sprcadd.c estimated size: 701

shared
		__stringtab    		STRING         	0800	0000	17
		_dpowers       		STRING         	0810	0000	11
		__initialization		CODE           	000F	0000	20

shared estimated size: 48

C:\Program Files (x86)\Microchip\xc8\v2.00\pic\sources\c90\common\xxtofl.c
		___xxtofl      		CODE           	06C0	0000	197

C:\Program Files (x86)\Microchip\xc8\v2.00\pic\sources\c90\common\xxtofl.c estimated size: 197

ADC.c
		_readADC       		CODE           	08A2	0000	6

ADC.c estimated size: 6

C:\Program Files (x86)\Microchip\xc8\v2.00\pic\sources\c90\common\Umul8_16.c
		__Umul8_16     		CODE           	11D8	0000	45

C:\Program Files (x86)\Microchip\xc8\v2.00\pic\sources\c90\common\Umul8_16.c estimated size: 45

C:\Program Files (x86)\Microchip\xc8\v2.00\pic\sources\c90\common\flneg.c
		___flneg       		CODE           	1138	0000	16

C:\Program Files (x86)\Microchip\xc8\v2.00\pic\sources\c90\common\flneg.c estimated size: 16

LCD.c
		_writeStrLCD   		CODE           	132A	0000	73
		_clcLCD        		CODE           	1107	0000	8
		_cmdLCD        		CODE           	08A7	0000	23
		_writeCharLCD  		CODE           	1147	0000	19
		_writeIntLCD   		CODE           	118E	0000	33
		_setCursorLCD  		CODE           	116E	0000	33
		_initLCD       		CODE           	1271	0000	60

LCD.c estimated size: 249

