Microchip MPLAB XC8 Compiler V2.00 ()

Linker command line:

-W-3 --edf=C:\Program Files (x86)\Microchip\xc8\v2.00\pic\dat\en_msgs.txt \
  -cs -h+dist/default/production\Master.X.production.sym \
  --cmf=dist/default/production\Master.X.production.cmf -z -Q16F887 \
  -oC:\Users\JIRS0129\AppData\Local\Temp\sbt0.2 --defsym=__MPLAB_BUILD=1 \
  -Mdist/default/production/Master.X.production.map -E1 -ver=XC8 \
  --acfsm=1493 -ASTACK=0110h-016fh -pstack=STACK -ACODE=00h-07FFhx4 \
  -ASTRCODE=00h-01FFFh -ASTRING=00h-0FFhx32 -ACONST=00h-0FFhx32 \
  -AENTRY=00h-0FFhx32 -ACOMMON=070h-07Fh -ABANK0=020h-06Fh \
  -ABANK1=0A0h-0EFh -ABANK2=0110h-016Fh -ABANK3=0190h-01EFh \
  -ARAM=020h-06Fh,0A0h-0EFh,0110h-016Fh,0190h-01EFh \
  -AABS1=020h-07Fh,0A0h-0EFh,0110h-016Fh,0190h-01EFh -ASFR0=00h-01Fh \
  -ASFR1=080h-09Fh -ASFR2=0100h-010Fh -ASFR3=0180h-018Fh \
  -preset_vec=00h,intentry=04h,init,end_init -ppowerup=CODE -pcinit=CODE \
  -pfunctab=ENTRY -ACONFIG=02007h-02008h -pconfig=CONFIG -DCONFIG=2 \
  -AIDLOC=02000h-02003h -pidloc=IDLOC -DIDLOC=2 -AEEDATA=00h-0FFh/02100h \
  -peeprom_data=EEDATA -DEEDATA=2 -DCODE=2 -DSTRCODE=2 -DSTRING=2 -DCONST=2 \
  -DENTRY=2 -k C:\Users\JIRS0129\AppData\Local\Temp\sbt0.o \
  dist/default/production\Master.X.production.o 

Object code version is 3.11

Machine type is 16F887



                Name                               Link     Load   Length Selector   Space Scale
C:\Users\JIRS0129\AppData\Local\Temp\sbt0.o
                end_init                              C        C        3        8       0
                reset_vec                             0        0        3        0       0
                config                             2007     2007        2     400E       0
dist/default/production\Master.X.production.o
                cinit                                 F        F       15        8       0
                intentry                              4        4        8        8       0
                text30                             136F     136F        5     26DE       0
                text29                             13C3     13C3       1B     2786       0
                text28                             1396     1396        F     272C       0
                text27                             14A0     14A0       31     2940       0
                text26                             1383     1383        9     2706       0
                text25                              800      800        9        8       0
                text24                             138C     138C        A     2718       0
                text23                             16F1     16F1       73     2DE2       0
                text22                             161D     161D       65     2C3A       0
                text21                              9CF      9CF      2BC     139E       0
                text20                              51E      51E      2CE        8       0
                text19                             1446     1446       2C     288C       0
                text18                              C8B      C8B      375     1916       0
                text17                             13A5     13A5        F     274A       0
                text16                             1764     1764       9C     2EC8       0
                text15                             1472     1472       2E     28E4       0
                text14                              809      809       C4     1012       0
                text13                              7EC      7EC       14        8       0
                text12                             13FC     13FC       1F     27F8       0
                text11                             1682     1682       6F     2D04       0
                text10                             14D1     14D1       3A     29A2       0
                text9                              1374     1374        7     26E8       0
                text8                              150B     150B       3A     2A16       0
                text7                              141B     141B       2B     2836       0
                text6                              15D0     15D0       4D     2BA0       0
                text5                              1545     1545       43     2A8A       0
                text4                               8CD      8CD      102     119A       0
                text3                              13B4     13B4        F     2768       0
                text2                              1588     1588       48     2B10       0
                text1                              13DE     13DE       1E     27BC       0
                maintext                             24       24      4FA        8       0
                cstackBANK0                          20       20       4D       20       1
                cstackCOMMON                         70       70        8       70       1
                cstackBANK1                          C4       C4       11       A0       1
                clrtext                            137B     137B        8     26F6       0
                bssBANK1                             A0       A0       24       A0       1
                bssBANK0                             6D       6D        3       20       1
                bssCOMMON                            78       78        3       70       1
                strings                            1000     1000       A2     2000       0

TOTAL           Name                               Link     Load   Length     Space
        CLASS   STACK          

        CLASS   CODE           
                end_init                              C        C        3         0
                cinit                                 F        F       15         0
                intentry                              4        4        8         0
                reset_vec                             0        0        3         0
                text30                             136F     136F        5         0
                text29                             13C3     13C3       1B         0
                text28                             1396     1396        F         0
                text27                             14A0     14A0       31         0
                text26                             1383     1383        9         0
                text25                              800      800        9         0
                text24                             138C     138C        A         0
                text23                             16F1     16F1       73         0
                text22                             161D     161D       65         0
                text21                              9CF      9CF      2BC         0
                text20                              51E      51E      2CE         0
                text19                             1446     1446       2C         0
                text18                              C8B      C8B      375         0
                text17                             13A5     13A5        F         0
                text16                             1764     1764       9C         0
                text15                             1472     1472       2E         0
                text14                              809      809       C4         0
                text13                              7EC      7EC       14         0
                text12                             13FC     13FC       1F         0
                text11                             1682     1682       6F         0
                text10                             14D1     14D1       3A         0
                text9                              1374     1374        7         0
                text8                              150B     150B       3A         0
                text7                              141B     141B       2B         0
                text6                              15D0     15D0       4D         0
                text5                              1545     1545       43         0
                text4                               8CD      8CD      102         0
                text3                              13B4     13B4        F         0
                text2                              1588     1588       48         0
                text1                              13DE     13DE       1E         0
                maintext                             24       24      4FA         0
                clrtext                            137B     137B        8         0

        CLASS   STRCODE        

        CLASS   STRING         
                strings                            1000     1000       A2         0

        CLASS   CONST          

        CLASS   ENTRY          

        CLASS   COMMON         
                cstackCOMMON                         70       70        8         1
                bssCOMMON                            78       78        3         1

        CLASS   BANK0          
                cstackBANK0                          20       20       4D         1
                bssBANK0                             6D       6D        3         1

        CLASS   BANK1          
                cstackBANK1                          C4       C4       11         1
                bssBANK1                             A0       A0       24         1

        CLASS   BANK2          

        CLASS   BANK3          

        CLASS   RAM            

        CLASS   ABS1           
                abs_s1                               7E       7E        2         1

        CLASS   SFR0           

        CLASS   SFR1           

        CLASS   SFR2           

        CLASS   SFR3           

        CLASS   CONFIG         
                config                             2007     2007        2         0

        CLASS   IDLOC          

        CLASS   EEDATA         



SEGMENTS        Name                           Load    Length   Top    Selector   Space  Class     Delta

                reset_vec                      000000  000003  000003         0       0  CODE        2
                intentry                       000004  000805  000809         8       0  CODE        2
                cstackBANK0                    000020  000050  000070        20       1  BANK0       1
                cstackCOMMON                   000070  00000B  00007B        70       1  COMMON      1
                bssBANK1                       0000A0  000035  0000D5        A0       1  BANK1       1
                text14                         000809  0000C4  0008CD      1012       0  CODE        2
                text4                          0008CD  000102  0009CF      119A       0  CODE        2
                text21                         0009CF  0002BC  000C8B      139E       0  CODE        2
                text18                         000C8B  000375  001000      1916       0  CODE        2
                strings                        001000  0000A2  0010A2      2000       0  STRING      2
                text30                         00136F  000005  001374      26DE       0  CODE        2
                text9                          001374  000007  00137B      26E8       0  CODE        2
                clrtext                        00137B  000008  001383      26F6       0  CODE        2
                text26                         001383  000009  00138C      2706       0  CODE        2
                text24                         00138C  00000A  001396      2718       0  CODE        2
                text28                         001396  00000F  0013A5      272C       0  CODE        2
                text17                         0013A5  00000F  0013B4      274A       0  CODE        2
                text3                          0013B4  00000F  0013C3      2768       0  CODE        2
                text29                         0013C3  00001B  0013DE      2786       0  CODE        2
                text1                          0013DE  00001E  0013FC      27BC       0  CODE        2
                text12                         0013FC  00001F  00141B      27F8       0  CODE        2
                text7                          00141B  00002B  001446      2836       0  CODE        2
                text19                         001446  00002C  001472      288C       0  CODE        2
                text15                         001472  00002E  0014A0      28E4       0  CODE        2
                text27                         0014A0  000031  0014D1      2940       0  CODE        2
                text10                         0014D1  00003A  00150B      29A2       0  CODE        2
                text8                          00150B  00003A  001545      2A16       0  CODE        2
                text5                          001545  000043  001588      2A8A       0  CODE        2
                text2                          001588  000048  0015D0      2B10       0  CODE        2
                text6                          0015D0  00004D  00161D      2BA0       0  CODE        2
                text22                         00161D  000065  001682      2C3A       0  CODE        2
                text11                         001682  00006F  0016F1      2D04       0  CODE        2
                text23                         0016F1  000073  001764      2DE2       0  CODE        2
                text16                         001764  00009C  001800      2EC8       0  CODE        2
                config                         002007  000002  002009      400E       0  CONFIG      2


UNUSED ADDRESS RANGES

        Name                Unused          Largest block    Delta
        BANK1            00D5-00EF             1B           1
        BANK2            0110-016F             60           1
        BANK3            0190-01EF             60           1
        CODE             0003-0003              1           2
                         10A2-136E            2CD
                         1800-1FFF            800
        COMMON           007B-007D              3           1
        CONST            0003-0003              1           2
                         10A2-136E            100
                         1800-1FFF            100
        EEDATA           2100-21FF            100           2
        ENTRY            0003-0003              1           2
                         10A2-136E            100
                         1800-1FFF            100
        IDLOC            2000-2003              4           2
        RAM              00D5-00EF             1B           1
                         0110-016F             60
                         0190-01EF             60
        SFR0             0000-001F             20           1
        SFR1             0080-009F             20           1
        SFR2             0100-010F             10           1
        SFR3             0180-018F             10           1
        STACK            0110-016F             60           1
        STRCODE          0003-0003              1           2
                         10A2-136E            2CD
                         1800-1FFF            800
        STRING           0003-0003              1           2
                         10A2-136E            100
                         1800-1FFF            100

                                  Symbol Table

?_I2C_Master_Read          cstackCOMMON 0073
?__Umul8_16                cstackCOMMON 0073
?___awdiv                  cstackBANK0  0022
?___awmod                  cstackCOMMON 0073
?___fladd                  cstackBANK0  002E
?___fldiv                  cstackBANK0  0060
?___flmul                  cstackBANK0  0046
?___flneg                  cstackBANK0  002A
?___fltol                  cstackCOMMON 0073
?___lldiv                  cstackBANK0  0020
?___lwdiv                  cstackCOMMON 0073
?___lwmod                  cstackBANK0  0023
?___wmul                   cstackCOMMON 0073
?___xxtofl                 cstackCOMMON 0073
?_sprintf                  cstackBANK0  0029
I2C_Master_Init@c          cstackBANK0  002D
I2C_Master_Read@a          cstackCOMMON 0073
I2C_Master_Read@temp       cstackBANK0  0020
I2C_Master_Write@d         cstackCOMMON 0073
_ADCON0bits                (abs)        001F
_ADCON1bits                (abs)        009F
_ADRESH                    (abs)        001E
_ANSEL                     (abs)        0188
_ANSELH                    (abs)        0189
_ANSELHbits                (abs)        0189
_ANSELbits                 (abs)        0188
_GIE                       (abs)        005F
_I2C_Master_Init           text10       14D1
_I2C_Master_Read           text27       14A0
_I2C_Master_Start          text26       1383
_I2C_Master_Stop           text25       0800
_I2C_Master_Wait           text28       1396
_I2C_Master_Write          text24       138C
_INTCONbits                (abs)        000B
_PEIE                      (abs)        005E
_PIE1bits                  (abs)        008C
_PIR1bits                  (abs)        000C
_PORTAbits                 (abs)        0005
_PORTB                     (abs)        0006
_PORTD                     (abs)        0008
_RD0                       (abs)        0040
_RD1                       (abs)        0041
_SSPADD                    (abs)        0093
_SSPBUF                    (abs)        0013
_SSPCON                    (abs)        0014
_SSPCON2                   (abs)        0091
_SSPCON2bits               (abs)        0091
_SSPIE                     (abs)        0463
_SSPIF                     (abs)        0063
_SSPSTAT                   (abs)        0094
_TRISAbits                 (abs)        0085
_TRISB                     (abs)        0086
_TRISBbits                 (abs)        0086
_TRISC3                    (abs)        043B
_TRISC4                    (abs)        043C
_TRISCbits                 (abs)        0087
_TRISD                     (abs)        0088
_TRISEbits                 (abs)        0089
__CFG_BOR4V$BOR40V         (abs)        0000
__CFG_BOREN$OFF            (abs)        0000
__CFG_CP$OFF               (abs)        0000
__CFG_CPD$OFF              (abs)        0000
__CFG_FCMEN$OFF            (abs)        0000
__CFG_FOSC$INTRC_NOCLKOUT  (abs)        0000
__CFG_IESO$OFF             (abs)        0000
__CFG_LVP$OFF              (abs)        0000
__CFG_MCLRE$OFF            (abs)        0000
__CFG_PWRTE$OFF            (abs)        0000
__CFG_WDTE$OFF             (abs)        0000
__CFG_WRT$OFF              (abs)        0000
__Habs1                    abs1         0000
__Hbank0                   bank0        0000
__Hbank1                   bank1        0000
__Hbank2                   bank2        0000
__Hbank3                   bank3        0000
__HbssBANK0                bssBANK0     0000
__HbssBANK1                bssBANK1     0000
__HbssCOMMON               bssCOMMON    0000
__Hcinit                   cinit        0024
__Hclrtext                 clrtext      0000
__Hcode                    code         0000
__Hcommon                  common       0000
__Hconfig                  config       2009
__HcstackBANK0             cstackBANK0  0000
__HcstackBANK1             cstackBANK1  0000
__HcstackCOMMON            cstackCOMMON 0000
__Heeprom_data             eeprom_data  0000
__Hend_init                end_init     000F
__Hfunctab                 functab      0000
__Hidloc                   idloc        0000
__Hinit                    init         000C
__Hintentry                intentry     000C
__Hmaintext                maintext     0000
__Hpowerup                 powerup      0000
__Hram                     ram          0000
__Hreset_vec               reset_vec    0003
__Hsfr0                    sfr0         0000
__Hsfr1                    sfr1         0000
__Hsfr2                    sfr2         0000
__Hsfr3                    sfr3         0000
__Hspace_0                 (abs)        2009
__Hspace_1                 (abs)        00D5
__Hspace_2                 (abs)        0000
__Hspace_3                 (abs)        0000
__Hstack                   stack        0000
__Hstrings                 strings      0000
__Htext                    text         0000
__Labs1                    abs1         0000
__Lbank0                   bank0        0000
__Lbank1                   bank1        0000
__Lbank2                   bank2        0000
__Lbank3                   bank3        0000
__LbssBANK0                bssBANK0     0000
__LbssBANK1                bssBANK1     0000
__LbssCOMMON               bssCOMMON    0000
__Lcinit                   cinit        000F
__Lclrtext                 clrtext      0000
__Lcode                    code         0000
__Lcommon                  common       0000
__Lconfig                  config       2007
__LcstackBANK0             cstackBANK0  0000
__LcstackBANK1             cstackBANK1  0000
__LcstackCOMMON            cstackCOMMON 0000
__Leeprom_data             eeprom_data  0000
__Lend_init                end_init     000C
__Lfunctab                 functab      0000
__Lidloc                   idloc        0000
__Linit                    init         000C
__Lintentry                intentry     0004
__Lmaintext                maintext     0000
__Lpowerup                 powerup      0000
__Lram                     ram          0000
__Lreset_vec               reset_vec    0000
__Lsfr0                    sfr0         0000
__Lsfr1                    sfr1         0000
__Lsfr2                    sfr2         0000
__Lsfr3                    sfr3         0000
__Lspace_0                 (abs)        0000
__Lspace_1                 (abs)        0000
__Lspace_2                 (abs)        0000
__Lspace_3                 (abs)        0000
__Lstack                   stack        0000
__Lstrings                 strings      0000
__Ltext                    text         0000
__S0                       (abs)        2009
__S1                       (abs)        00D5
__S2                       (abs)        0000
__S3                       (abs)        0000
__Umul8_16                 text19       1446
__Umul8_16@multiplicand    cstackCOMMON 0073
__Umul8_16@multiplier      cstackBANK0  0024
__Umul8_16@product         cstackBANK0  0020
__Umul8_16@word_mpld       cstackBANK0  0022
___awdiv                   text23       16F1
___awdiv@counter           cstackBANK0  0026
___awdiv@dividend          cstackBANK0  0024
___awdiv@divisor           cstackBANK0  0022
___awdiv@quotient          cstackBANK0  0028
___awdiv@sign              cstackBANK0  0027
___awmod                   text22       161D
___awmod@counter           cstackBANK0  0020
___awmod@dividend          cstackCOMMON 0075
___awmod@divisor           cstackCOMMON 0073
___awmod@sign              cstackBANK0  0021
___fladd                   text21       09CF
___fladd@a                 cstackBANK0  0032
___fladd@aexp              cstackBANK0  0043
___fladd@b                 cstackBANK0  002E
___fladd@bexp              cstackBANK0  0044
___fladd@grs               cstackBANK0  0045
___fladd@signs             cstackBANK0  0042
___fldiv                   text20       051E
___fldiv@a                 cstackBANK0  0060
___fldiv@aexp              cstackBANK1  00D0
___fldiv@b                 cstackBANK0  0064
___fldiv@bexp              cstackBANK1  00CF
___fldiv@grs               cstackBANK1  00CB
___fldiv@new_exp           cstackBANK1  00C9
___fldiv@rem               cstackBANK1  00C4
___fldiv@sign              cstackBANK1  00C8
___flmul                   text18       0C8B
___flmul@a                 cstackBANK0  004A
___flmul@aexp              cstackBANK0  0058
___flmul@b                 cstackBANK0  0046
___flmul@bexp              cstackBANK0  0059
___flmul@grs               cstackBANK0  0054
___flmul@prod              cstackBANK0  005A
___flmul@sign              cstackBANK0  0053
___flmul@temp              cstackBANK0  005E
___flneg                   text17       13A5
___flneg@f1                cstackBANK0  002A
___fltol                   text16       1764
___fltol@exp1              cstackBANK0  0026
___fltol@f1                cstackCOMMON 0073
___fltol@sign1             cstackBANK0  0025
___int_sp                  stack        0000
___latbits                 (abs)        0002
___lldiv                   text11       1682
___lldiv@counter           cstackBANK0  002C
___lldiv@dividend          cstackBANK0  0024
___lldiv@divisor           cstackBANK0  0020
___lldiv@quotient          cstackBANK0  0028
___lwdiv                   text6        15D0
___lwdiv@counter           cstackBANK0  0020
___lwdiv@dividend          cstackCOMMON 0075
___lwdiv@divisor           cstackCOMMON 0073
___lwdiv@quotient          cstackBANK0  0021
___lwmod                   text5        1545
___lwmod@counter           cstackBANK0  0028
___lwmod@dividend          cstackBANK0  0025
___lwmod@divisor           cstackBANK0  0023
___sp                      stack        0000
___wmul                    text15       1472
___wmul@multiplicand       cstackCOMMON 0075
___wmul@multiplier         cstackCOMMON 0073
___wmul@product            cstackBANK0  0020
___xxtofl                  text14       0809
___xxtofl@arg              cstackBANK0  0026
___xxtofl@exp              cstackBANK0  0025
___xxtofl@sign             cstackBANK0  0024
___xxtofl@val              cstackCOMMON 0073
__end_of_I2C_Master_Init   text10       150B
__end_of_I2C_Master_Read   text27       14D1
__end_of_I2C_Master_Start  text26       138C
__end_of_I2C_Master_Stop   text25       0809
__end_of_I2C_Master_Wait   text28       13A5
__end_of_I2C_Master_Write  text24       1396
__end_of__Umul8_16         text19       1472
__end_of___awdiv           text23       1764
__end_of___awmod           text22       1682
__end_of___fladd           text21       0C8B
__end_of___fldiv           text20       07EC
__end_of___flmul           text18       1000
__end_of___flneg           text17       13B4
__end_of___fltol           text16       1800
__end_of___lldiv           text11       16F1
__end_of___lwdiv           text6        161D
__end_of___lwmod           text5        1588
__end_of___wmul            text15       14A0
__end_of___xxtofl          text14       08CD
__end_of__initialization   cinit        0020
__end_of__stringtab        strings      1010
__end_of_clcLCD            text9        137B
__end_of_cmdLCD            text13       0800
__end_of_dpowers           strings      101A
__end_of_initLCD           text8        1545
__end_of_isr               text29       13DE
__end_of_main              maintext     051E
__end_of_readADC           text30       1374
__end_of_setCursorLCD      text12       141B
__end_of_setup             text7        1446
__end_of_sprintf           text4        09CF
__end_of_writeCharLCD      text3        13C3
__end_of_writeIntLCD       text1        13FC
__end_of_writeStrLCD       text2        15D0
__initialization           cinit        000F
__pbssBANK0                bssBANK0     006D
__pbssBANK1                bssBANK1     00A0
__pbssCOMMON               bssCOMMON    0078
__pcstackBANK0             cstackBANK0  0020
__pcstackBANK1             cstackBANK1  00C4
__pcstackCOMMON            cstackCOMMON 0070
__pintentry                intentry     0004
__pmaintext                maintext     0024
__pstrings                 strings      1000
__ptext1                   text1        13DE
__ptext10                  text10       14D1
__ptext11                  text11       1682
__ptext12                  text12       13FC
__ptext13                  text13       07EC
__ptext14                  text14       0809
__ptext15                  text15       1472
__ptext16                  text16       1764
__ptext17                  text17       13A5
__ptext18                  text18       0C8B
__ptext19                  text19       1446
__ptext2                   text2        1588
__ptext20                  text20       051E
__ptext21                  text21       09CF
__ptext22                  text22       161D
__ptext23                  text23       16F1
__ptext24                  text24       138C
__ptext25                  text25       0800
__ptext26                  text26       1383
__ptext27                  text27       14A0
__ptext28                  text28       1396
__ptext29                  text29       13C3
__ptext3                   text3        13B4
__ptext30                  text30       136F
__ptext4                   text4        08CD
__ptext5                   text5        1545
__ptext6                   text6        15D0
__ptext7                   text7        141B
__ptext8                   text8        150B
__ptext9                   text9        1374
__size_of_I2C_Master_Init  (abs)        0000
__size_of_I2C_Master_Read  (abs)        0000
__size_of_I2C_Master_Start (abs)        0000
__size_of_I2C_Master_Stop  (abs)        0000
__size_of_I2C_Master_Wait  (abs)        0000
__size_of_I2C_Master_Write (abs)        0000
__size_of__Umul8_16        (abs)        0000
__size_of___awdiv          (abs)        0000
__size_of___awmod          (abs)        0000
__size_of___fladd          (abs)        0000
__size_of___fldiv          (abs)        0000
__size_of___flmul          (abs)        0000
__size_of___flneg          (abs)        0000
__size_of___fltol          (abs)        0000
__size_of___lldiv          (abs)        0000
__size_of___lwdiv          (abs)        0000
__size_of___lwmod          (abs)        0000
__size_of___wmul           (abs)        0000
__size_of___xxtofl         (abs)        0000
__size_of_clcLCD           (abs)        0000
__size_of_cmdLCD           (abs)        0000
__size_of_initLCD          (abs)        0000
__size_of_isr              (abs)        0000
__size_of_main             (abs)        0000
__size_of_readADC          (abs)        0000
__size_of_setCursorLCD     (abs)        0000
__size_of_setup            (abs)        0000
__size_of_sprintf          (abs)        0000
__size_of_writeCharLCD     (abs)        0000
__size_of_writeIntLCD      (abs)        0000
__size_of_writeStrLCD      (abs)        0000
__stringbase               strings      100F
__stringtab                strings      1000
_adc                       bssBANK1     00C0
_adcP                      bssBANK1     00B8
_adcT                      bssBANK1     00C1
_alarm                     bssBANK1     00BE
_antibounce                bssBANK1     00B2
_antibounce2               bssBANK1     00B1
_clcLCD                    text9        1374
_cmdLCD                    text13       07EC
_count                     bssBANK0     006E
_count2                    bssCOMMON    0079
_count3                    bssBANK1     00B5
_cursor                    bssBANK1     00C3
_dec1                      bssBANK1     00BF
_dpowers                   strings      1010
_entero1                   bssBANK0     006F
_float1                    bssBANK1     00A8
_garage                    bssBANK1     00B3
_hall                      bssCOMMON    007A
_initLCD                   text8        150B
_ir                        bssBANK1     00B4
_isr                       text29       13C3
_main                      maintext     0024
_mov                       bssBANK1     00B7
_readADC                   text30       136F
_screenCounter             bssBANK0     006D
_screenState               bssBANK1     00B0
_sensorF1                  bssBANK1     00AC
_sensorF2                  bssBANK1     00A4
_setCursorLCD              text12       13FC
_setup                     text7        141B
_signal                    bssCOMMON    0078
_sprintf                   text4        08CD
_toggle                    bssBANK1     00BB
_toggle2                   bssBANK1     00B9
_toggle3                   bssBANK1     00B6
_writeCharLCD              text3        13B4
_writeIntLCD               text1        13DE
_writeStrLCD               text2        1588
btemp                      (abs)        007E
clear_ram0                 clrtext      137B
cmdLCD@cmd                 cstackCOMMON 0075
end_of_initialization      cinit        0020
interrupt_function         intentry     0004
intlevel0                  functab      0000
intlevel1                  functab      0000
intlevel2                  functab      0000
intlevel3                  functab      0000
intlevel4                  functab      0000
intlevel5                  functab      0000
reset_vec                  reset_vec    0000
saved_w                    (abs)        007E
setCursorLCD@x             cstackCOMMON 0076
setCursorLCD@y             cstackBANK0  0020
sprintf@ap                 cstackBANK0  002F
sprintf@c                  cstackBANK0  0035
sprintf@f                  cstackBANK0  0029
sprintf@flag               cstackBANK0  0030
sprintf@prec               cstackBANK0  0031
sprintf@sp                 cstackBANK0  0034
sprintf@val                cstackBANK0  0032
stackhi                    (abs)        0000
stacklo                    (abs)        0000
start                      init         000C
start_initialization       cinit        000F
writeCharLCD@character     cstackCOMMON 0074
writeIntLCD@buffer         cstackBANK0  0039
writeIntLCD@numero         cstackBANK0  003D
writeStrLCD@cont           cstackBANK0  0023
writeStrLCD@string         cstackCOMMON 0075
wtemp0                     (abs)        007E


FUNCTION INFORMATION:

 *************** function _main *****************
 Defined at:
		line 71 in file "mainM.c"
 Parameters:    Size  Location     Type
		None
 Auto vars:     Size  Location     Type
		None
 Return value:  Size  Location     Type
                  1    wreg      void 
 Registers used:
		wreg, fsr0l, fsr0h, status,2, status,0, btemp+1, pclath, cstack
 Tracked objects:
		On entry : 
		On exit  : 
		Unchanged: 
 Data sizes:     COMMON   BANK0   BANK1   BANK3   BANK2
      Params:         0       0       0       0       0
      Locals:         0       0       0       0       0
      Temps:          0       0       4       0       0
      Totals:         0       0       4       0       0
Total ram usage:        4 bytes
 Hardware stack levels required when called:    5
 This function calls:
		_I2C_Master_Read
		_I2C_Master_Start
		_I2C_Master_Stop
		_I2C_Master_Write
		___awdiv
		___awmod
		___fladd
		___fldiv
		___flmul
		___flneg
		___fltol
		___wmul
		___xxtofl
		_setCursorLCD
		_setup
		_writeCharLCD
		_writeIntLCD
		_writeStrLCD
 This function is called by:
		Startup code after reset
 This function uses a non-reentrant model


 *************** function _writeIntLCD *****************
 Defined at:
		line 57 in file "LCD.c"
 Parameters:    Size  Location     Type
  numero          1    wreg     unsigned char 
 Auto vars:     Size  Location     Type
  numero          1   29[BANK0 ] unsigned char 
  buffer          4   25[BANK0 ] unsigned char [4]
 Return value:  Size  Location     Type
                  1    wreg      void 
 Registers used:
		wreg, fsr0l, fsr0h, status,2, status,0, btemp+1, pclath, cstack
 Tracked objects:
		On entry : 
		On exit  : 
		Unchanged: 
 Data sizes:     COMMON   BANK0   BANK1   BANK3   BANK2
      Params:         0       0       0       0       0
      Locals:         0       5       0       0       0
      Temps:          0       3       0       0       0
      Totals:         0       8       0       0       0
Total ram usage:        8 bytes
 Hardware stack levels used:    1
 Hardware stack levels required when called:    4
 This function calls:
		_sprintf
		_writeStrLCD
 This function is called by:
		_main
		_writeFloat
 This function uses a non-reentrant model


 *************** function _writeStrLCD *****************
 Defined at:
		line 21 in file "LCD.c"
 Parameters:    Size  Location     Type
  string          2    5[COMMON] PTR unsigned char 
		 -> STR_25(15), STR_24(15), STR_23(15), STR_22(15), 
		 -> STR_21(12), STR_20(7), STR_19(8), STR_18(15), 
		 -> STR_17(11), STR_16(8), STR_15(8), STR_14(8), 
		 -> STR_13(12), STR_12(15), STR_11(15), STR_10(15), 
		 -> STR_9(11), STR_8(8), STR_7(8), STR_6(8), 
		 -> STR_5(12), STR_4(5), STR_3(6), writeIntLCD16@buffer(5), 
		 -> writeIntLCD@buffer(4), 
 Auto vars:     Size  Location     Type
  cont            2    3[BANK0 ] int 
 Return value:  Size  Location     Type
                  1    wreg      void 
 Registers used:
		wreg, fsr0l, fsr0h, status,2, status,0, btemp+1, pclath, cstack
 Tracked objects:
		On entry : 
		On exit  : 
		Unchanged: 
 Data sizes:     COMMON   BANK0   BANK1   BANK3   BANK2
      Params:         2       0       0       0       0
      Locals:         0       2       0       0       0
      Temps:          0       3       0       0       0
      Totals:         2       5       0       0       0
Total ram usage:        7 bytes
 Hardware stack levels used:    1
 Hardware stack levels required when called:    3
 This function calls:
		_writeCharLCD
 This function is called by:
		_writeIntLCD
		_main
		_writeIntLCD16
 This function uses a non-reentrant model


 *************** function _writeCharLCD *****************
 Defined at:
		line 28 in file "LCD.c"
 Parameters:    Size  Location     Type
  character       1    wreg     unsigned char 
 Auto vars:     Size  Location     Type
  character       1    4[COMMON] unsigned char 
 Return value:  Size  Location     Type
                  1    wreg      void 
 Registers used:
		wreg
 Tracked objects:
		On entry : 
		On exit  : 
		Unchanged: 
 Data sizes:     COMMON   BANK0   BANK1   BANK3   BANK2
      Params:         0       0       0       0       0
      Locals:         1       0       0       0       0
      Temps:          1       0       0       0       0
      Totals:         2       0       0       0       0
Total ram usage:        2 bytes
 Hardware stack levels used:    1
 Hardware stack levels required when called:    2
 This function calls:
		Nothing
 This function is called by:
		_writeStrLCD
		_main
		_writeFloat
 This function uses a non-reentrant model


 *************** function _sprintf *****************
 Defined at:
		line 500 in file "C:\Program Files (x86)\Microchip\xc8\v2.00\pic\sources\c90\common\doprnt.c"
 Parameters:    Size  Location     Type
  sp              1    wreg     PTR unsigned char 
		 -> writeIntLCD16@buffer(5), writeIntLCD@buffer(4), 
  f               1    9[BANK0 ] PTR const unsigned char 
		 -> STR_2(3), STR_1(3), 
 Auto vars:     Size  Location     Type
  sp              1   20[BANK0 ] PTR unsigned char 
		 -> writeIntLCD16@buffer(5), writeIntLCD@buffer(4), 
  tmpval          4    0        struct .
  val             2   18[BANK0 ] unsigned int 
  cp              2    0        PTR const unsigned char 
  len             2    0        unsigned int 
  c               1   21[BANK0 ] unsigned char 
  prec            1   17[BANK0 ] char 
  flag            1   16[BANK0 ] unsigned char 
  ap              1   15[BANK0 ] PTR void [1]
		 -> ?_sprintf(2), 
 Return value:  Size  Location     Type
                  2    9[BANK0 ] int 
 Registers used:
		wreg, fsr0l, fsr0h, status,2, status,0, btemp+1, pclath, cstack
 Tracked objects:
		On entry : 
		On exit  : 
		Unchanged: 
 Data sizes:     COMMON   BANK0   BANK1   BANK3   BANK2
      Params:         0       3       0       0       0
      Locals:         0       7       0       0       0
      Temps:          0       3       0       0       0
      Totals:         0      13       0       0       0
Total ram usage:       13 bytes
 Hardware stack levels used:    1
 Hardware stack levels required when called:    3
 This function calls:
		___lwdiv
		___lwmod
 This function is called by:
		_writeIntLCD
		_writeIntLCD16
 This function uses a non-reentrant model


 *************** function ___lwmod *****************
 Defined at:
		line 5 in file "C:\Program Files (x86)\Microchip\xc8\v2.00\pic\sources\c90\common\lwmod.c"
 Parameters:    Size  Location     Type
  divisor         2    3[BANK0 ] unsigned int 
  dividend        2    5[BANK0 ] unsigned int 
 Auto vars:     Size  Location     Type
  counter         1    8[BANK0 ] unsigned char 
 Return value:  Size  Location     Type
                  2    3[BANK0 ] unsigned int 
 Registers used:
		wreg, status,2, status,0
 Tracked objects:
		On entry : 
		On exit  : 
		Unchanged: 
 Data sizes:     COMMON   BANK0   BANK1   BANK3   BANK2
      Params:         0       4       0       0       0
      Locals:         0       1       0       0       0
      Temps:          0       1       0       0       0
      Totals:         0       6       0       0       0
Total ram usage:        6 bytes
 Hardware stack levels used:    1
 Hardware stack levels required when called:    2
 This function calls:
		Nothing
 This function is called by:
		_sprintf
 This function uses a non-reentrant model


 *************** function ___lwdiv *****************
 Defined at:
		line 5 in file "C:\Program Files (x86)\Microchip\xc8\v2.00\pic\sources\c90\common\lwdiv.c"
 Parameters:    Size  Location     Type
  divisor         2    3[COMMON] unsigned int 
  dividend        2    5[COMMON] unsigned int 
 Auto vars:     Size  Location     Type
  quotient        2    1[BANK0 ] unsigned int 
  counter         1    0[BANK0 ] unsigned char 
 Return value:  Size  Location     Type
                  2    3[COMMON] unsigned int 
 Registers used:
		wreg, status,2, status,0
 Tracked objects:
		On entry : 
		On exit  : 
		Unchanged: 
 Data sizes:     COMMON   BANK0   BANK1   BANK3   BANK2
      Params:         4       0       0       0       0
      Locals:         0       3       0       0       0
      Temps:          1       0       0       0       0
      Totals:         5       3       0       0       0
Total ram usage:        8 bytes
 Hardware stack levels used:    1
 Hardware stack levels required when called:    2
 This function calls:
		Nothing
 This function is called by:
		_sprintf
 This function uses a non-reentrant model


 *************** function _setup *****************
 Defined at:
		line 247 in file "mainM.c"
 Parameters:    Size  Location     Type
		None
 Auto vars:     Size  Location     Type
		None
 Return value:  Size  Location     Type
                  1    wreg      void 
 Registers used:
		wreg, status,2, status,0, pclath, cstack
 Tracked objects:
		On entry : 
		On exit  : 
		Unchanged: 
 Data sizes:     COMMON   BANK0   BANK1   BANK3   BANK2
      Params:         0       0       0       0       0
      Locals:         0       0       0       0       0
      Temps:          0       0       0       0       0
      Totals:         0       0       0       0       0
Total ram usage:        0 bytes
 Hardware stack levels used:    1
 Hardware stack levels required when called:    4
 This function calls:
		_I2C_Master_Init
		_clcLCD
		_initLCD
 This function is called by:
		_main
 This function uses a non-reentrant model


 *************** function _initLCD *****************
 Defined at:
		line 36 in file "LCD.c"
 Parameters:    Size  Location     Type
		None
 Auto vars:     Size  Location     Type
		None
 Return value:  Size  Location     Type
                  1    wreg      void 
 Registers used:
		wreg, status,2, status,0, pclath, cstack
 Tracked objects:
		On entry : 
		On exit  : 
		Unchanged: 
 Data sizes:     COMMON   BANK0   BANK1   BANK3   BANK2
      Params:         0       0       0       0       0
      Locals:         0       0       0       0       0
      Temps:          2       0       0       0       0
      Totals:         2       0       0       0       0
Total ram usage:        2 bytes
 Hardware stack levels used:    1
 Hardware stack levels required when called:    3
 This function calls:
		_cmdLCD
 This function is called by:
		_setup
 This function uses a non-reentrant model


 *************** function _clcLCD *****************
 Defined at:
		line 17 in file "LCD.c"
 Parameters:    Size  Location     Type
		None
 Auto vars:     Size  Location     Type
		None
 Return value:  Size  Location     Type
                  1    wreg      void 
 Registers used:
		wreg, status,2, status,0, pclath, cstack
 Tracked objects:
		On entry : 
		On exit  : 
		Unchanged: 
 Data sizes:     COMMON   BANK0   BANK1   BANK3   BANK2
      Params:         0       0       0       0       0
      Locals:         0       0       0       0       0
      Temps:          0       0       0       0       0
      Totals:         0       0       0       0       0
Total ram usage:        0 bytes
 Hardware stack levels used:    1
 Hardware stack levels required when called:    3
 This function calls:
		_cmdLCD
 This function is called by:
		_setup
 This function uses a non-reentrant model


 *************** function _I2C_Master_Init *****************
 Defined at:
		line 16 in file "I2C.c"
 Parameters:    Size  Location     Type
  c               4   13[BANK0 ] const unsigned long 
 Auto vars:     Size  Location     Type
		None
 Return value:  Size  Location     Type
                  1    wreg      void 
 Registers used:
		wreg, status,2, status,0, pclath, cstack
 Tracked objects:
		On entry : 
		On exit  : 
		Unchanged: 
 Data sizes:     COMMON   BANK0   BANK1   BANK3   BANK2
      Params:         0       4       0       0       0
      Locals:         0       0       0       0       0
      Temps:          4       0       0       0       0
      Totals:         4       4       0       0       0
Total ram usage:        8 bytes
 Hardware stack levels used:    1
 Hardware stack levels required when called:    3
 This function calls:
		___lldiv
 This function is called by:
		_setup
 This function uses a non-reentrant model


 *************** function ___lldiv *****************
 Defined at:
		line 5 in file "C:\Program Files (x86)\Microchip\xc8\v2.00\pic\sources\c90\common\__lldiv.c"
 Parameters:    Size  Location     Type
  divisor         4    0[BANK0 ] unsigned long 
  dividend        4    4[BANK0 ] unsigned long 
 Auto vars:     Size  Location     Type
  quotient        4    8[BANK0 ] unsigned long 
  counter         1   12[BANK0 ] unsigned char 
 Return value:  Size  Location     Type
                  4    0[BANK0 ] unsigned long 
 Registers used:
		wreg, status,2, status,0
 Tracked objects:
		On entry : 
		On exit  : 
		Unchanged: 
 Data sizes:     COMMON   BANK0   BANK1   BANK3   BANK2
      Params:         0       8       0       0       0
      Locals:         0       5       0       0       0
      Temps:          1       0       0       0       0
      Totals:         1      13       0       0       0
Total ram usage:       14 bytes
 Hardware stack levels used:    1
 Hardware stack levels required when called:    2
 This function calls:
		Nothing
 This function is called by:
		_I2C_Master_Init
 This function uses a non-reentrant model


 *************** function _setCursorLCD *****************
 Defined at:
		line 8 in file "LCD.c"
 Parameters:    Size  Location     Type
  y               1    wreg     unsigned char 
  x               1    6[COMMON] unsigned char 
 Auto vars:     Size  Location     Type
  y               1    0[BANK0 ] unsigned char 
 Return value:  Size  Location     Type
                  1    wreg      void 
 Registers used:
		wreg, status,2, status,0, pclath, cstack
 Tracked objects:
		On entry : 
		On exit  : 
		Unchanged: 
 Data sizes:     COMMON   BANK0   BANK1   BANK3   BANK2
      Params:         1       0       0       0       0
      Locals:         0       1       0       0       0
      Temps:          1       0       0       0       0
      Totals:         2       1       0       0       0
Total ram usage:        3 bytes
 Hardware stack levels used:    1
 Hardware stack levels required when called:    3
 This function calls:
		_cmdLCD
 This function is called by:
		_main
		_writeFloat
 This function uses a non-reentrant model


 *************** function _cmdLCD *****************
 Defined at:
		line 49 in file "LCD.c"
 Parameters:    Size  Location     Type
  cmd             1    wreg     unsigned char 
 Auto vars:     Size  Location     Type
  cmd             1    5[COMMON] unsigned char 
 Return value:  Size  Location     Type
                  1    wreg      void 
 Registers used:
		wreg
 Tracked objects:
		On entry : 
		On exit  : 
		Unchanged: 
 Data sizes:     COMMON   BANK0   BANK1   BANK3   BANK2
      Params:         0       0       0       0       0
      Locals:         1       0       0       0       0
      Temps:          2       0       0       0       0
      Totals:         3       0       0       0       0
Total ram usage:        3 bytes
 Hardware stack levels used:    1
 Hardware stack levels required when called:    2
 This function calls:
		Nothing
 This function is called by:
		_setCursorLCD
		_clcLCD
		_initLCD
 This function uses a non-reentrant model


 *************** function ___xxtofl *****************
 Defined at:
		line 10 in file "C:\Program Files (x86)\Microchip\xc8\v2.00\pic\sources\c90\common\xxtofl.c"
 Parameters:    Size  Location     Type
  sign            1    wreg     unsigned char 
  val             4    3[COMMON] long 
 Auto vars:     Size  Location     Type
  sign            1    4[BANK0 ] unsigned char 
  arg             4    6[BANK0 ] unsigned long 
  exp             1    5[BANK0 ] unsigned char 
 Return value:  Size  Location     Type
                  4    3[COMMON] unsigned char 
 Registers used:
		wreg, status,2, status,0
 Tracked objects:
		On entry : 
		On exit  : 
		Unchanged: 
 Data sizes:     COMMON   BANK0   BANK1   BANK3   BANK2
      Params:         4       0       0       0       0
      Locals:         0       6       0       0       0
      Temps:          0       4       0       0       0
      Totals:         4      10       0       0       0
Total ram usage:       14 bytes
 Hardware stack levels used:    1
 Hardware stack levels required when called:    2
 This function calls:
		Nothing
 This function is called by:
		_main
 This function uses a non-reentrant model


 *************** function ___wmul *****************
 Defined at:
		line 15 in file "C:\Program Files (x86)\Microchip\xc8\v2.00\pic\sources\c90\common\Umul16.c"
 Parameters:    Size  Location     Type
  multiplier      2    3[COMMON] unsigned int 
  multiplicand    2    5[COMMON] unsigned int 
 Auto vars:     Size  Location     Type
  product         2    0[BANK0 ] unsigned int 
 Return value:  Size  Location     Type
                  2    3[COMMON] unsigned int 
 Registers used:
		wreg, status,2, status,0
 Tracked objects:
		On entry : 
		On exit  : 
		Unchanged: 
 Data sizes:     COMMON   BANK0   BANK1   BANK3   BANK2
      Params:         4       0       0       0       0
      Locals:         0       2       0       0       0
      Temps:          0       0       0       0       0
      Totals:         4       2       0       0       0
Total ram usage:        6 bytes
 Hardware stack levels used:    1
 Hardware stack levels required when called:    2
 This function calls:
		Nothing
 This function is called by:
		_main
 This function uses a non-reentrant model


 *************** function ___fltol *****************
 Defined at:
		line 43 in file "C:\Program Files (x86)\Microchip\xc8\v2.00\pic\sources\c90\common\fltol.c"
 Parameters:    Size  Location     Type
  f1              4    3[COMMON] unsigned int 
 Auto vars:     Size  Location     Type
  exp1            1    6[BANK0 ] unsigned char 
  sign1           1    5[BANK0 ] unsigned char 
 Return value:  Size  Location     Type
                  4    3[COMMON] long 
 Registers used:
		wreg, status,2, status,0
 Tracked objects:
		On entry : 
		On exit  : 
		Unchanged: 
 Data sizes:     COMMON   BANK0   BANK1   BANK3   BANK2
      Params:         4       0       0       0       0
      Locals:         0       2       0       0       0
      Temps:          0       5       0       0       0
      Totals:         4       7       0       0       0
Total ram usage:       11 bytes
 Hardware stack levels used:    1
 Hardware stack levels required when called:    2
 This function calls:
		Nothing
 This function is called by:
		_main
 This function uses a non-reentrant model


 *************** function ___flneg *****************
 Defined at:
		line 15 in file "C:\Program Files (x86)\Microchip\xc8\v2.00\pic\sources\c90\common\flneg.c"
 Parameters:    Size  Location     Type
  f1              4   10[BANK0 ] long 
 Auto vars:     Size  Location     Type
		None
 Return value:  Size  Location     Type
                  4   10[BANK0 ] long 
 Registers used:
		wreg
 Tracked objects:
		On entry : 
		On exit  : 
		Unchanged: 
 Data sizes:     COMMON   BANK0   BANK1   BANK3   BANK2
      Params:         0       4       0       0       0
      Locals:         0       0       0       0       0
      Temps:          0       0       0       0       0
      Totals:         0       4       0       0       0
Total ram usage:        4 bytes
 Hardware stack levels used:    1
 Hardware stack levels required when called:    2
 This function calls:
		Nothing
 This function is called by:
		_main
 This function uses a non-reentrant model


 *************** function ___flmul *****************
 Defined at:
		line 8 in file "C:\Program Files (x86)\Microchip\xc8\v2.00\pic\sources\c90\common\sprcmul.c"
 Parameters:    Size  Location     Type
  b               4   38[BANK0 ] long 
  a               4   42[BANK0 ] long 
 Auto vars:     Size  Location     Type
  prod            4   58[BANK0 ] struct .
  grs             4   52[BANK0 ] unsigned long 
  temp            2   62[BANK0 ] struct .
  bexp            1   57[BANK0 ] unsigned char 
  aexp            1   56[BANK0 ] unsigned char 
  sign            1   51[BANK0 ] unsigned char 
 Return value:  Size  Location     Type
                  4   38[BANK0 ] unsigned char 
 Registers used:
		wreg, status,2, status,0, btemp+1, pclath, cstack
 Tracked objects:
		On entry : 
		On exit  : 
		Unchanged: 
 Data sizes:     COMMON   BANK0   BANK1   BANK3   BANK2
      Params:         0       8       0       0       0
      Locals:         0      13       0       0       0
      Temps:          0       5       0       0       0
      Totals:         0      26       0       0       0
Total ram usage:       26 bytes
 Hardware stack levels used:    1
 Hardware stack levels required when called:    3
 This function calls:
		__Umul8_16
 This function is called by:
		_main
 This function uses a non-reentrant model


 *************** function __Umul8_16 *****************
 Defined at:
		line 4 in file "C:\Program Files (x86)\Microchip\xc8\v2.00\pic\sources\c90\common\Umul8_16.c"
 Parameters:    Size  Location     Type
  multiplier      1    wreg     unsigned char 
  multiplicand    1    3[COMMON] unsigned char 
 Auto vars:     Size  Location     Type
  multiplier      1    4[BANK0 ] unsigned char 
  word_mpld       2    2[BANK0 ] unsigned int 
  product         2    0[BANK0 ] unsigned int 
 Return value:  Size  Location     Type
                  2    3[COMMON] unsigned int 
 Registers used:
		wreg, status,2, status,0
 Tracked objects:
		On entry : 
		On exit  : 
		Unchanged: 
 Data sizes:     COMMON   BANK0   BANK1   BANK3   BANK2
      Params:         2       0       0       0       0
      Locals:         0       5       0       0       0
      Temps:          2       0       0       0       0
      Totals:         4       5       0       0       0
Total ram usage:        9 bytes
 Hardware stack levels used:    1
 Hardware stack levels required when called:    2
 This function calls:
		Nothing
 This function is called by:
		___flmul
 This function uses a non-reentrant model


 *************** function ___fldiv *****************
 Defined at:
		line 8 in file "C:\Program Files (x86)\Microchip\xc8\v2.00\pic\sources\c90\common\sprcdiv.c"
 Parameters:    Size  Location     Type
  a               4   64[BANK0 ] unsigned int 
  b               4   68[BANK0 ] unsigned int 
 Auto vars:     Size  Location     Type
  grs             4    7[BANK1 ] unsigned long 
  rem             4    0[BANK1 ] unsigned long 
  new_exp         2    5[BANK1 ] int 
  aexp            1   12[BANK1 ] unsigned char 
  bexp            1   11[BANK1 ] unsigned char 
  sign            1    4[BANK1 ] unsigned char 
 Return value:  Size  Location     Type
                  4   64[BANK0 ] unsigned char 
 Registers used:
		wreg, status,2, status,0, btemp+1
 Tracked objects:
		On entry : 
		On exit  : 
		Unchanged: 
 Data sizes:     COMMON   BANK0   BANK1   BANK3   BANK2
      Params:         0       8       0       0       0
      Locals:         0       0      13       0       0
      Temps:          0       5       0       0       0
      Totals:         0      13      13       0       0
Total ram usage:       26 bytes
 Hardware stack levels used:    1
 Hardware stack levels required when called:    2
 This function calls:
		Nothing
 This function is called by:
		_main
 This function uses a non-reentrant model


 *************** function ___fladd *****************
 Defined at:
		line 10 in file "C:\Program Files (x86)\Microchip\xc8\v2.00\pic\sources\c90\common\sprcadd.c"
 Parameters:    Size  Location     Type
  b               4   14[BANK0 ] unsigned char 
  a               4   18[BANK0 ] unsigned char 
 Auto vars:     Size  Location     Type
  grs             1   37[BANK0 ] unsigned char 
  bexp            1   36[BANK0 ] unsigned char 
  aexp            1   35[BANK0 ] unsigned char 
  signs           1   34[BANK0 ] unsigned char 
 Return value:  Size  Location     Type
                  4   14[BANK0 ] unsigned char 
 Registers used:
		wreg, status,2, status,0, btemp+1
 Tracked objects:
		On entry : 
		On exit  : 
		Unchanged: 
 Data sizes:     COMMON   BANK0   BANK1   BANK3   BANK2
      Params:         0       8       0       0       0
      Locals:         0       4       0       0       0
      Temps:          0      12       0       0       0
      Totals:         0      24       0       0       0
Total ram usage:       24 bytes
 Hardware stack levels used:    1
 Hardware stack levels required when called:    2
 This function calls:
		Nothing
 This function is called by:
		_main
 This function uses a non-reentrant model


 *************** function ___awmod *****************
 Defined at:
		line 5 in file "C:\Program Files (x86)\Microchip\xc8\v2.00\pic\sources\c90\common\awmod.c"
 Parameters:    Size  Location     Type
  divisor         2    3[COMMON] int 
  dividend        2    5[COMMON] int 
 Auto vars:     Size  Location     Type
  sign            1    1[BANK0 ] unsigned char 
  counter         1    0[BANK0 ] unsigned char 
 Return value:  Size  Location     Type
                  2    3[COMMON] int 
 Registers used:
		wreg, status,2, status,0
 Tracked objects:
		On entry : 
		On exit  : 
		Unchanged: 
 Data sizes:     COMMON   BANK0   BANK1   BANK3   BANK2
      Params:         4       0       0       0       0
      Locals:         0       2       0       0       0
      Temps:          1       0       0       0       0
      Totals:         5       2       0       0       0
Total ram usage:        7 bytes
 Hardware stack levels used:    1
 Hardware stack levels required when called:    2
 This function calls:
		Nothing
 This function is called by:
		_main
 This function uses a non-reentrant model


 *************** function ___awdiv *****************
 Defined at:
		line 5 in file "C:\Program Files (x86)\Microchip\xc8\v2.00\pic\sources\c90\common\awdiv.c"
 Parameters:    Size  Location     Type
  divisor         2    2[BANK0 ] int 
  dividend        2    4[BANK0 ] int 
 Auto vars:     Size  Location     Type
  quotient        2    8[BANK0 ] int 
  sign            1    7[BANK0 ] unsigned char 
  counter         1    6[BANK0 ] unsigned char 
 Return value:  Size  Location     Type
                  2    2[BANK0 ] int 
 Registers used:
		wreg, status,2, status,0
 Tracked objects:
		On entry : 
		On exit  : 
		Unchanged: 
 Data sizes:     COMMON   BANK0   BANK1   BANK3   BANK2
      Params:         0       4       0       0       0
      Locals:         0       4       0       0       0
      Temps:          1       0       0       0       0
      Totals:         1       8       0       0       0
Total ram usage:        9 bytes
 Hardware stack levels used:    1
 Hardware stack levels required when called:    2
 This function calls:
		Nothing
 This function is called by:
		_main
 This function uses a non-reentrant model


 *************** function _I2C_Master_Write *****************
 Defined at:
		line 65 in file "I2C.c"
 Parameters:    Size  Location     Type
  d               2    3[COMMON] unsigned int 
 Auto vars:     Size  Location     Type
		None
 Return value:  Size  Location     Type
                  1    wreg      void 
 Registers used:
		wreg, status,2, status,0, pclath, cstack
 Tracked objects:
		On entry : 
		On exit  : 
		Unchanged: 
 Data sizes:     COMMON   BANK0   BANK1   BANK3   BANK2
      Params:         2       0       0       0       0
      Locals:         0       0       0       0       0
      Temps:          0       0       0       0       0
      Totals:         2       0       0       0       0
Total ram usage:        2 bytes
 Hardware stack levels used:    1
 Hardware stack levels required when called:    3
 This function calls:
		_I2C_Master_Wait
 This function is called by:
		_main
 This function uses a non-reentrant model


 *************** function _I2C_Master_Stop *****************
 Defined at:
		line 55 in file "I2C.c"
 Parameters:    Size  Location     Type
		None
 Auto vars:     Size  Location     Type
		None
 Return value:  Size  Location     Type
                  1    wreg      void 
 Registers used:
		wreg, status,2, status,0, pclath, cstack
 Tracked objects:
		On entry : 
		On exit  : 
		Unchanged: 
 Data sizes:     COMMON   BANK0   BANK1   BANK3   BANK2
      Params:         0       0       0       0       0
      Locals:         0       0       0       0       0
      Temps:          0       0       0       0       0
      Totals:         0       0       0       0       0
Total ram usage:        0 bytes
 Hardware stack levels used:    1
 Hardware stack levels required when called:    3
 This function calls:
		_I2C_Master_Wait
 This function is called by:
		_main
 This function uses a non-reentrant model


 *************** function _I2C_Master_Start *****************
 Defined at:
		line 39 in file "I2C.c"
 Parameters:    Size  Location     Type
		None
 Auto vars:     Size  Location     Type
		None
 Return value:  Size  Location     Type
                  1    wreg      void 
 Registers used:
		wreg, status,2, status,0, pclath, cstack
 Tracked objects:
		On entry : 
		On exit  : 
		Unchanged: 
 Data sizes:     COMMON   BANK0   BANK1   BANK3   BANK2
      Params:         0       0       0       0       0
      Locals:         0       0       0       0       0
      Temps:          0       0       0       0       0
      Totals:         0       0       0       0       0
Total ram usage:        0 bytes
 Hardware stack levels used:    1
 Hardware stack levels required when called:    3
 This function calls:
		_I2C_Master_Wait
 This function is called by:
		_main
 This function uses a non-reentrant model


 *************** function _I2C_Master_Read *****************
 Defined at:
		line 74 in file "I2C.c"
 Parameters:    Size  Location     Type
  a               2    3[COMMON] unsigned short 
 Auto vars:     Size  Location     Type
  temp            2    0[BANK0 ] unsigned short 
 Return value:  Size  Location     Type
                  2    3[COMMON] unsigned short 
 Registers used:
		wreg, status,2, status,0, pclath, cstack
 Tracked objects:
		On entry : 
		On exit  : 
		Unchanged: 
 Data sizes:     COMMON   BANK0   BANK1   BANK3   BANK2
      Params:         2       0       0       0       0
      Locals:         0       2       0       0       0
      Temps:          2       0       0       0       0
      Totals:         4       2       0       0       0
Total ram usage:        6 bytes
 Hardware stack levels used:    1
 Hardware stack levels required when called:    3
 This function calls:
		_I2C_Master_Wait
 This function is called by:
		_main
 This function uses a non-reentrant model


 *************** function _I2C_Master_Wait *****************
 Defined at:
		line 32 in file "I2C.c"
 Parameters:    Size  Location     Type
		None
 Auto vars:     Size  Location     Type
		None
 Return value:  Size  Location     Type
                  1    wreg      void 
 Registers used:
		wreg, status,2
 Tracked objects:
		On entry : 
		On exit  : 
		Unchanged: 
 Data sizes:     COMMON   BANK0   BANK1   BANK3   BANK2
      Params:         0       0       0       0       0
      Locals:         0       0       0       0       0
      Temps:          0       0       0       0       0
      Totals:         0       0       0       0       0
Total ram usage:        0 bytes
 Hardware stack levels used:    1
 Hardware stack levels required when called:    2
 This function calls:
		Nothing
 This function is called by:
		_I2C_Master_Start
		_I2C_Master_Stop
		_I2C_Master_Write
		_I2C_Master_Read
		_I2C_Master_RepeatedStart
 This function uses a non-reentrant model


 *************** function _isr *****************
 Defined at:
		line 62 in file "mainM.c"
 Parameters:    Size  Location     Type
		None
 Auto vars:     Size  Location     Type
		None
 Return value:  Size  Location     Type
                  1    wreg      void 
 Registers used:
		wreg, pclath, cstack
 Tracked objects:
		On entry : 
		On exit  : 
		Unchanged: 
 Data sizes:     COMMON   BANK0   BANK1   BANK3   BANK2
      Params:         0       0       0       0       0
      Locals:         0       0       0       0       0
      Temps:          3       0       0       0       0
      Totals:         3       0       0       0       0
Total ram usage:        3 bytes
 Hardware stack levels used:    1
 Hardware stack levels required when called:    1
 This function calls:
		_readADC
 This function is called by:
		Interrupt level 1
 This function uses a non-reentrant model


 *************** function _readADC *****************
 Defined at:
		line 6 in file "ADC.c"
 Parameters:    Size  Location     Type
		None
 Auto vars:     Size  Location     Type
		None
 Return value:  Size  Location     Type
                  1    wreg      unsigned char 
 Registers used:
		wreg
 Tracked objects:
		On entry : 
		On exit  : 
		Unchanged: 
 Data sizes:     COMMON   BANK0   BANK1   BANK3   BANK2
      Params:         0       0       0       0       0
      Locals:         0       0       0       0       0
      Temps:          0       0       0       0       0
      Totals:         0       0       0       0       0
Total ram usage:        0 bytes
 Hardware stack levels used:    1
 This function calls:
		Nothing
 This function is called by:
		_isr
 This function uses a non-reentrant model



MODULE INFORMATION

Module		Function		Class		Link	Load	Size
C:\Program Files (x86)\Microchip\xc8\v2.00\pic\sources\c90\common\lwmod.c
		___lwmod       		CODE           	1545	0000	68

C:\Program Files (x86)\Microchip\xc8\v2.00\pic\sources\c90\common\lwmod.c estimated size: 68

C:\Program Files (x86)\Microchip\xc8\v2.00\pic\sources\c90\common\awmod.c
		___awmod       		CODE           	161D	0000	102

C:\Program Files (x86)\Microchip\xc8\v2.00\pic\sources\c90\common\awmod.c estimated size: 102

C:\Program Files (x86)\Microchip\xc8\v2.00\pic\sources\c90\common\doprnt.c
		_sprintf       		CODE           	08CD	0000	259

C:\Program Files (x86)\Microchip\xc8\v2.00\pic\sources\c90\common\doprnt.c estimated size: 259

C:\Program Files (x86)\Microchip\xc8\v2.00\pic\sources\c90\common\sprcmul.c
		___flmul       		CODE           	0C8B	0000	886

C:\Program Files (x86)\Microchip\xc8\v2.00\pic\sources\c90\common\sprcmul.c estimated size: 886

C:\Program Files (x86)\Microchip\xc8\v2.00\pic\sources\c90\common\sprcdiv.c
		___fldiv       		CODE           	051E	0000	719

C:\Program Files (x86)\Microchip\xc8\v2.00\pic\sources\c90\common\sprcdiv.c estimated size: 719

C:\Program Files (x86)\Microchip\xc8\v2.00\pic\sources\c90\common\Umul16.c
		___wmul        		CODE           	1472	0000	47

C:\Program Files (x86)\Microchip\xc8\v2.00\pic\sources\c90\common\Umul16.c estimated size: 47

mainM.c
		_main          		CODE           	0024	0000	1275
		_isr           		CODE           	13C3	0000	28
		_setup         		CODE           	141B	0000	44

mainM.c estimated size: 1347

I2C.c
		_I2C_Master_Read		CODE           	14A0	0000	50
		_I2C_Master_Wait		CODE           	1396	0000	16
		_I2C_Master_Init		CODE           	14D1	0000	59
		_I2C_Master_Stop		CODE           	0800	0000	10
		_I2C_Master_Write		CODE           	138C	0000	11
		_I2C_Master_Start		CODE           	1383	0000	10

I2C.c estimated size: 156

C:\Program Files (x86)\Microchip\xc8\v2.00\pic\sources\c90\common\__lldiv.c
		___lldiv       		CODE           	1682	0000	112

C:\Program Files (x86)\Microchip\xc8\v2.00\pic\sources\c90\common\__lldiv.c estimated size: 112

C:\Program Files (x86)\Microchip\xc8\v2.00\pic\sources\c90\common\lwdiv.c
		___lwdiv       		CODE           	15D0	0000	78

C:\Program Files (x86)\Microchip\xc8\v2.00\pic\sources\c90\common\lwdiv.c estimated size: 78

C:\Program Files (x86)\Microchip\xc8\v2.00\pic\sources\c90\common\awdiv.c
		___awdiv       		CODE           	16F1	0000	116

C:\Program Files (x86)\Microchip\xc8\v2.00\pic\sources\c90\common\awdiv.c estimated size: 116

C:\Program Files (x86)\Microchip\xc8\v2.00\pic\sources\c90\common\fltol.c
		___fltol       		CODE           	1764	0000	157

C:\Program Files (x86)\Microchip\xc8\v2.00\pic\sources\c90\common\fltol.c estimated size: 157

C:\Program Files (x86)\Microchip\xc8\v2.00\pic\sources\c90\common\sprcadd.c
		___fladd       		CODE           	09CF	0000	701

C:\Program Files (x86)\Microchip\xc8\v2.00\pic\sources\c90\common\sprcadd.c estimated size: 701

shared
		__stringtab    		STRING         	1000	0000	17
		_dpowers       		STRING         	1010	0000	11
		__initialization		CODE           	000F	0000	18

shared estimated size: 46

C:\Program Files (x86)\Microchip\xc8\v2.00\pic\sources\c90\common\xxtofl.c
		___xxtofl      		CODE           	0809	0000	197

C:\Program Files (x86)\Microchip\xc8\v2.00\pic\sources\c90\common\xxtofl.c estimated size: 197

ADC.c
		_readADC       		CODE           	136F	0000	6

ADC.c estimated size: 6

C:\Program Files (x86)\Microchip\xc8\v2.00\pic\sources\c90\common\Umul8_16.c
		__Umul8_16     		CODE           	1446	0000	45

C:\Program Files (x86)\Microchip\xc8\v2.00\pic\sources\c90\common\Umul8_16.c estimated size: 45

C:\Program Files (x86)\Microchip\xc8\v2.00\pic\sources\c90\common\flneg.c
		___flneg       		CODE           	13A5	0000	16

C:\Program Files (x86)\Microchip\xc8\v2.00\pic\sources\c90\common\flneg.c estimated size: 16

LCD.c
		_writeStrLCD   		CODE           	1588	0000	73
		_clcLCD        		CODE           	1374	0000	8
		_cmdLCD        		CODE           	07EC	0000	21
		_writeCharLCD  		CODE           	13B4	0000	16
		_writeIntLCD   		CODE           	13DE	0000	31
		_setCursorLCD  		CODE           	13FC	0000	32
		_initLCD       		CODE           	150B	0000	59

LCD.c estimated size: 240

