Microchip MPLAB XC8 Compiler V2.00 ()

Linker command line:

-W-3 --edf=C:\Program Files (x86)\Microchip\xc8\v2.00\pic\dat\en_msgs.txt \
  -cs -h+dist/default/debug\Traductor.X.debug.sym \
  --cmf=dist/default/debug\Traductor.X.debug.cmf -z -Q16F887 \
  -oC:\Users\JIRS0129\AppData\Local\Temp\sct4.2 --defsym=__MPLAB_BUILD=1 \
  -Mdist/default/debug/Traductor.X.debug.map -E1 -ver=XC8 --acfsm=1493 \
  -ASTACK=0110h-016fh -pstack=STACK \
  -ACODE=00h-07FFhx3,01800h-01EFFh,01FFFh-01FFFh \
  -ASTRCODE=00h-01EFFh,01FFFh-01FFFh -ASTRING=00h-0FFhx31,01FFFh-01FFFh \
  -ACONST=00h-0FFhx31,01FFFh-01FFFh -AENTRY=00h-0FFhx31,01FFFh-01FFFh \
  -ACOMMON=071h-07Fh -ABANK0=020h-06Fh -ABANK1=0A0h-0EFh \
  -ABANK2=0110h-016Fh -ABANK3=0190h-01E4h \
  -ARAM=020h-06Fh,0A0h-0EFh,0110h-016Fh,0190h-01E4h \
  -AABS1=020h-07Fh,0A0h-0EFh,0110h-016Fh,0190h-01EFh -ASFR0=00h-01Fh \
  -ASFR1=080h-09Fh -ASFR2=0100h-010Fh -ASFR3=0180h-018Fh \
  -preset_vec=00h,intentry=04h,init,end_init -ppowerup=CODE -pcinit=CODE \
  -pfunctab=ENTRY -ACONFIG=02007h-02008h -pconfig=CONFIG -DCONFIG=2 \
  -AIDLOC=02000h-02003h -pidloc=IDLOC -DIDLOC=2 -AEEDATA=00h-0FFh/02100h \
  -peeprom_data=EEDATA -DEEDATA=2 -DCODE=2 -DSTRCODE=2 -DSTRING=2 -DCONST=2 \
  -DENTRY=2 -k C:\Users\JIRS0129\AppData\Local\Temp\sct4.o \
  dist/default/debug\Traductor.X.debug.o 

Object code version is 3.11

Machine type is 16F887



                Name                               Link     Load   Length Selector   Space Scale
C:\Users\JIRS0129\AppData\Local\Temp\sct4.o
                end_init                              C        C        3        8       0
                reset_vec                             0        0        4        0       0
                config                             2007     2007        2     400E       0
dist/default/debug\Traductor.X.debug.o
                cinit                               7EF      7EF       11      FDE       0
                intentry                              4        4        8        8       0
                text8                               5BC      5BC        9      B78       0
                text7                               5C5      5C5        A      B8A       0
                text6                               5AE      5AE        6      B5C       0
                text5                               6F1      6F1       FE      DE2       0
                text4                               663      663       8E      CC6       0
                text3                               5CF      5CF       17      B9E       0
                text2                               5E6      5E6       1E      BCC       0
                text1                               604      604       28      C08       0
                maintext                            62C      62C       37      C58       0
                cstackBANK0                          3D       3D        7       20       1
                cstackCOMMON                         71       71        5       71       1
                clrtext                             5B4      5B4        8      B68       0
                bssBANK0                             20       20       1D       20       1
                bssCOMMON                            76       76        4       71       1

TOTAL           Name                               Link     Load   Length     Space
        CLASS   STACK          

        CLASS   CODE           
                end_init                              C        C        3         0
                cinit                               7EF      7EF       11         0
                intentry                              4        4        8         0
                reset_vec                             0        0        4         0
                text8                               5BC      5BC        9         0
                text7                               5C5      5C5        A         0
                text6                               5AE      5AE        6         0
                text5                               6F1      6F1       FE         0
                text4                               663      663       8E         0
                text3                               5CF      5CF       17         0
                text2                               5E6      5E6       1E         0
                text1                               604      604       28         0
                maintext                            62C      62C       37         0
                clrtext                             5B4      5B4        8         0

        CLASS   STRCODE        

        CLASS   STRING         

        CLASS   CONST          

        CLASS   ENTRY          

        CLASS   COMMON         
                cstackCOMMON                         71       71        5         1
                bssCOMMON                            76       76        4         1

        CLASS   BANK0          
                cstackBANK0                          3D       3D        7         1
                bssBANK0                             20       20       1D         1

        CLASS   BANK1          

        CLASS   BANK2          

        CLASS   BANK3          

        CLASS   RAM            

        CLASS   ABS1           
                abs_s1                               7E       7E        2         1

        CLASS   SFR0           

        CLASS   SFR1           

        CLASS   SFR2           

        CLASS   SFR3           

        CLASS   CONFIG         
                config                             2007     2007        2         0

        CLASS   IDLOC          

        CLASS   EEDATA         



SEGMENTS        Name                           Load    Length   Top    Selector   Space  Class     Delta

                reset_vec                      000000  000004  000004         0       0  CODE        2
                intentry                       000004  00000B  00000F         8       0  CODE        2
                bssBANK0                       000020  000024  000044        20       1  BANK0       1
                cstackCOMMON                   000071  000009  00007A        71       1  COMMON      1
                text6                          0005AE  000006  0005B4       B5C       0  CODE        2
                clrtext                        0005B4  000008  0005BC       B68       0  CODE        2
                text8                          0005BC  000009  0005C5       B78       0  CODE        2
                text7                          0005C5  00000A  0005CF       B8A       0  CODE        2
                text3                          0005CF  000017  0005E6       B9E       0  CODE        2
                text2                          0005E6  00001E  000604       BCC       0  CODE        2
                text1                          000604  000028  00062C       C08       0  CODE        2
                maintext                       00062C  000037  000663       C58       0  CODE        2
                text4                          000663  00008E  0006F1       CC6       0  CODE        2
                text5                          0006F1  0000FE  0007EF       DE2       0  CODE        2
                cinit                          0007EF  000011  000800       FDE       0  CODE        2
                config                         002007  000002  002009      400E       0  CONFIG      2


UNUSED ADDRESS RANGES

        Name                Unused          Largest block    Delta
        BANK0            0044-006F             2C           1
        BANK1            00A0-00EF             50           1
        BANK2            0110-016F             60           1
        BANK3            0190-01E4             55           1
        CODE             000F-05AD            59F           2
                         0800-1EFF            800
                         1FFF-1FFF              1
        COMMON           007A-007D              4           1
        CONST            000F-05AD            100           2
                         0800-1EFF            100
                         1FFF-1FFF              1
        EEDATA           2100-21FF            100           2
        ENTRY            000F-05AD            100           2
                         0800-1EFF            100
                         1FFF-1FFF              1
        IDLOC            2000-2003              4           2
        RAM              0044-006F             2C           1
                         00A0-00EF             50
                         0110-016F             60
                         0190-01E4             55
        SFR0             0000-001F             20           1
        SFR1             0080-009F             20           1
        SFR2             0100-010F             10           1
        SFR3             0180-018F             10           1
        STACK            0110-016F             60           1
        STRCODE          000F-05AD            59F           2
                         0800-1EFF           1700
                         1FFF-1FFF              1
        STRING           000F-05AD            100           2
                         0800-1EFF            100
                         1FFF-1FFF              1

                                  Symbol Table

_ANSEL                    (abs)        0188
_ANSELH                   (abs)        0189
_BAUDCTLbits              (abs)        0187
_INTCONbits               (abs)        000B
_ISR                      text5        06F1
_PIE1bits                 (abs)        008C
_PIR1bits                 (abs)        000C
_PORTB                    (abs)        0006
_PORTCbits                (abs)        0007
_PORTD                    (abs)        0008
_RCREG                    (abs)        001A
_RCSTAbits                (abs)        0018
_SPBRG                    (abs)        0099
_SPBRGH                   (abs)        009A
_SSPBUF                   (abs)        0013
_SSPCON                   (abs)        0014
_SSPIF                    (abs)        0063
_SSPSTAT                  (abs)        0094
_SSPSTATbits              (abs)        0094
_TRISA                    (abs)        0085
_TRISB                    (abs)        0086
_TRISC2                   (abs)        043A
_TRISC3                   (abs)        043B
_TRISC5                   (abs)        043D
_TRISCbits                (abs)        0087
_TRISD                    (abs)        0088
_TXREG                    (abs)        0019
_TXSTAbits                (abs)        0098
__CFG_BOR4V$BOR40V        (abs)        0000
__CFG_BOREN$OFF           (abs)        0000
__CFG_CP$OFF              (abs)        0000
__CFG_CPD$OFF             (abs)        0000
__CFG_FCMEN$OFF           (abs)        0000
__CFG_FOSC$INTRC_NOCLKOUT (abs)        0000
__CFG_IESO$OFF            (abs)        0000
__CFG_LVP$OFF             (abs)        0000
__CFG_MCLRE$OFF           (abs)        0000
__CFG_PWRTE$OFF           (abs)        0000
__CFG_WDTE$OFF            (abs)        0000
__CFG_WRT$OFF             (abs)        0000
__Habs1                   abs1         0000
__Hbank0                  bank0        0000
__Hbank1                  bank1        0000
__Hbank2                  bank2        0000
__Hbank3                  bank3        0000
__HbssBANK0               bssBANK0     0000
__HbssCOMMON              bssCOMMON    0000
__Hcinit                  cinit        0800
__Hclrtext                clrtext      0000
__Hcode                   code         0000
__Hcommon                 common       0000
__Hconfig                 config       2009
__HcstackBANK0            cstackBANK0  0000
__HcstackCOMMON           cstackCOMMON 0000
__Heeprom_data            eeprom_data  0000
__Hend_init               end_init     000F
__Hfunctab                functab      0000
__Hidloc                  idloc        0000
__Hinit                   init         000C
__Hintentry               intentry     000C
__Hmaintext               maintext     0000
__Hpowerup                powerup      0000
__Hram                    ram          0000
__Hreset_vec              reset_vec    0004
__Hsfr0                   sfr0         0000
__Hsfr1                   sfr1         0000
__Hsfr2                   sfr2         0000
__Hsfr3                   sfr3         0000
__Hspace_0                (abs)        2009
__Hspace_1                (abs)        007A
__Hspace_2                (abs)        0000
__Hspace_3                (abs)        0000
__Hstack                  stack        0000
__Hstrings                strings      0000
__Htext                   text         0000
__Labs1                   abs1         0000
__Lbank0                  bank0        0000
__Lbank1                  bank1        0000
__Lbank2                  bank2        0000
__Lbank3                  bank3        0000
__LbssBANK0               bssBANK0     0000
__LbssCOMMON              bssCOMMON    0000
__Lcinit                  cinit        07EF
__Lclrtext                clrtext      0000
__Lcode                   code         0000
__Lcommon                 common       0000
__Lconfig                 config       2007
__LcstackBANK0            cstackBANK0  0000
__LcstackCOMMON           cstackCOMMON 0000
__Leeprom_data            eeprom_data  0000
__Lend_init               end_init     000C
__Lfunctab                functab      0000
__Lidloc                  idloc        0000
__Linit                   init         000C
__Lintentry               intentry     0004
__Lmaintext               maintext     0000
__Lpowerup                powerup      0000
__Lram                    ram          0000
__Lreset_vec              reset_vec    0000
__Lsfr0                   sfr0         0000
__Lsfr1                   sfr1         0000
__Lsfr2                   sfr2         0000
__Lsfr3                   sfr3         0000
__Lspace_0                (abs)        0000
__Lspace_1                (abs)        0000
__Lspace_2                (abs)        0000
__Lspace_3                (abs)        0000
__Lstack                  stack        0000
__Lstrings                strings      0000
__Ltext                   text         0000
__S0                      (abs)        2009
__S1                      (abs)        007A
__S2                      (abs)        0000
__S3                      (abs)        0000
___int_sp                 stack        0000
___latbits                (abs)        0002
___sp                     stack        0000
__end_of_ISR              text5        07EF
__end_of__initialization  cinit        07FC
__end_of_initUSART        text4        06F1
__end_of_main             maintext     0663
__end_of_sendUSART        text3        05E6
__end_of_setup            text1        062C
__end_of_spiInit          text2        0604
__end_of_spiRead          text7        05CF
__end_of_spiReceiveWait   text8        05C5
__end_of_spiWrite         text6        05B4
__initialization          cinit        07EF
__pbssBANK0               bssBANK0     0020
__pbssCOMMON              bssCOMMON    0076
__pcstackBANK0            cstackBANK0  003D
__pcstackCOMMON           cstackCOMMON 0071
__pintentry               intentry     0004
__pmaintext               maintext     062C
__ptext1                  text1        0604
__ptext2                  text2        05E6
__ptext3                  text3        05CF
__ptext4                  text4        0663
__ptext5                  text5        06F1
__ptext6                  text6        05AE
__ptext7                  text7        05C5
__ptext8                  text8        05BC
__size_of_ISR             (abs)        0000
__size_of_initUSART       (abs)        0000
__size_of_main            (abs)        0000
__size_of_sendUSART       (abs)        0000
__size_of_setup           (abs)        0000
__size_of_spiInit         (abs)        0000
__size_of_spiRead         (abs)        0000
__size_of_spiReceiveWait  (abs)        0000
__size_of_spiWrite        (abs)        0000
_alarm                    bssBANK0     0031
_bandera                  bssBANK0     0030
_current                  bssCOMMON    0079
_dataInSPI                bssCOMMON    0078
_garage                   bssBANK0     0036
_hall                     bssBANK0     0035
_initUSART                text4        0663
_luz                      bssBANK0     0033
_main                     maintext     062C
_mov                      bssBANK0     0032
_sendUSART                text3        05CF
_setup                    text1        0604
_signal                   bssCOMMON    0077
_spiInit                  text2        05E6
_spiRead                  text7        05C5
_spiReceiveWait           text8        05BC
_spiWrite                 text6        05AE
_temp                     bssBANK0     0034
_ventilador               bssCOMMON    0076
btemp                     (abs)        007E
clear_ram0                clrtext      05B4
end_of_initialization     cinit        07FC
initUSART@baudrate        cstackBANK0  003D
initUSART@rcint           cstackBANK0  0040
initUSART@syncrono        cstackBANK0  0041
initUSART@txint           cstackBANK0  003F
interrupt_function        intentry     0004
intlevel0                 functab      0000
intlevel1                 functab      0000
intlevel2                 functab      0000
intlevel3                 functab      0000
intlevel4                 functab      0000
intlevel5                 functab      0000
reset_vec                 reset_vec    0000
saved_w                   (abs)        007E
sendUSART@data            cstackBANK0  003D
spiInit@sClockIdle        cstackBANK0  003E
spiInit@sDataSample       cstackBANK0  003D
spiInit@sTransmitEdge     cstackBANK0  003F
spiInit@sType             cstackCOMMON 0075
spiWrite@dat              cstackCOMMON 0071
stackhi                   (abs)        0000
stacklo                   (abs)        0000
start                     init         000C
start_initialization      cinit        07EF
wtemp0                    (abs)        007E


FUNCTION INFORMATION:

 *************** function _main *****************
 Defined at:
		line 107 in file "mainT.c"
 Parameters:    Size  Location     Type
		None
 Auto vars:     Size  Location     Type
		None
 Return value:  Size  Location     Type
                  1    wreg      void 
 Registers used:
		wreg, status,2, status,0, pclath, cstack
 Tracked objects:
		On entry : 
		On exit  : 
		Unchanged: 
 Data sizes:     COMMON   BANK0   BANK1   BANK3   BANK2
      Params:         0       0       0       0       0
      Locals:         0       0       0       0       0
      Temps:          0       2       0       0       0
      Totals:         0       2       0       0       0
Total ram usage:        2 bytes
 Hardware stack levels required when called:    5
 This function calls:
		_initUSART
		_sendUSART
		_setup
 This function is called by:
		Startup code after reset
 This function uses a non-reentrant model


 *************** function _setup *****************
 Defined at:
		line 127 in file "mainT.c"
 Parameters:    Size  Location     Type
		None
 Auto vars:     Size  Location     Type
		None
 Return value:  Size  Location     Type
                  1    wreg      void 
 Registers used:
		wreg, status,2, status,0, pclath, cstack
 Tracked objects:
		On entry : 
		On exit  : 
		Unchanged: 
 Data sizes:     COMMON   BANK0   BANK1   BANK3   BANK2
      Params:         0       0       0       0       0
      Locals:         0       0       0       0       0
      Temps:          0       2       0       0       0
      Totals:         0       2       0       0       0
Total ram usage:        2 bytes
 Hardware stack levels used:    1
 Hardware stack levels required when called:    4
 This function calls:
		_spiInit
 This function is called by:
		_main
 This function uses a non-reentrant model


 *************** function _spiInit *****************
 Defined at:
		line 12 in file "SPI.c"
 Parameters:    Size  Location     Type
  sType           1    wreg     enum E1264
  sDataSample     1    0[BANK0 ] enum E1272
  sClockIdle      1    1[BANK0 ] enum E1276
  sTransmitEdg    1    2[BANK0 ] enum E1280
 Auto vars:     Size  Location     Type
  sType           1    4[COMMON] enum E1264
 Return value:  Size  Location     Type
                  1    wreg      void 
 Registers used:
		wreg, status,2, status,0
 Tracked objects:
		On entry : 
		On exit  : 
		Unchanged: 
 Data sizes:     COMMON   BANK0   BANK1   BANK3   BANK2
      Params:         0       3       0       0       0
      Locals:         1       0       0       0       0
      Temps:          0       0       0       0       0
      Totals:         1       3       0       0       0
Total ram usage:        4 bytes
 Hardware stack levels used:    1
 Hardware stack levels required when called:    3
 This function calls:
		Nothing
 This function is called by:
		_setup
 This function uses a non-reentrant model


 *************** function _sendUSART *****************
 Defined at:
		line 43 in file "USART.c"
 Parameters:    Size  Location     Type
  data            1    wreg     unsigned char 
 Auto vars:     Size  Location     Type
  data            1    0[BANK0 ] unsigned char 
 Return value:  Size  Location     Type
                  1    wreg      void 
 Registers used:
		wreg
 Tracked objects:
		On entry : 
		On exit  : 
		Unchanged: 
 Data sizes:     COMMON   BANK0   BANK1   BANK3   BANK2
      Params:         0       0       0       0       0
      Locals:         0       1       0       0       0
      Temps:          1       0       0       0       0
      Totals:         1       1       0       0       0
Total ram usage:        2 bytes
 Hardware stack levels used:    1
 Hardware stack levels required when called:    3
 This function calls:
		Nothing
 This function is called by:
		_main
 This function uses a non-reentrant model


 *************** function _initUSART *****************
 Defined at:
		line 5 in file "USART.c"
 Parameters:    Size  Location     Type
  baudrate        2    0[BANK0 ] unsigned int 
  txint           1    2[BANK0 ] unsigned char 
  rcint           1    3[BANK0 ] unsigned char 
  syncrono        1    4[BANK0 ] unsigned char 
 Auto vars:     Size  Location     Type
		None
 Return value:  Size  Location     Type
                  1    wreg      void 
 Registers used:
		wreg, status,2, status,0
 Tracked objects:
		On entry : 
		On exit  : 
		Unchanged: 
 Data sizes:     COMMON   BANK0   BANK1   BANK3   BANK2
      Params:         0       5       0       0       0
      Locals:         0       0       0       0       0
      Temps:          0       0       0       0       0
      Totals:         0       5       0       0       0
Total ram usage:        5 bytes
 Hardware stack levels used:    1
 Hardware stack levels required when called:    3
 This function calls:
		Nothing
 This function is called by:
		_main
 This function uses a non-reentrant model


 *************** function _ISR *****************
 Defined at:
		line 56 in file "mainT.c"
 Parameters:    Size  Location     Type
		None
 Auto vars:     Size  Location     Type
		None
 Return value:  Size  Location     Type
                  1    wreg      void 
 Registers used:
		wreg, status,2, status,0, pclath, cstack
 Tracked objects:
		On entry : 
		On exit  : 
		Unchanged: 
 Data sizes:     COMMON   BANK0   BANK1   BANK3   BANK2
      Params:         0       0       0       0       0
      Locals:         0       0       0       0       0
      Temps:          3       0       0       0       0
      Totals:         3       0       0       0       0
Total ram usage:        3 bytes
 Hardware stack levels used:    1
 Hardware stack levels required when called:    2
 This function calls:
		_spiRead
		_spiWrite
 This function is called by:
		Interrupt level 1
 This function uses a non-reentrant model


 *************** function _spiWrite *****************
 Defined at:
		line 34 in file "SPI.c"
 Parameters:    Size  Location     Type
  dat             1    wreg     unsigned char 
 Auto vars:     Size  Location     Type
  dat             1    0[COMMON] unsigned char 
 Return value:  Size  Location     Type
                  1    wreg      void 
 Registers used:
		wreg
 Tracked objects:
		On entry : 
		On exit  : 
		Unchanged: 
 Data sizes:     COMMON   BANK0   BANK1   BANK3   BANK2
      Params:         0       0       0       0       0
      Locals:         1       0       0       0       0
      Temps:          0       0       0       0       0
      Totals:         1       0       0       0       0
Total ram usage:        1 bytes
 Hardware stack levels used:    1
 This function calls:
		Nothing
 This function is called by:
		_ISR
 This function uses a non-reentrant model


 *************** function _spiRead *****************
 Defined at:
		line 47 in file "SPI.c"
 Parameters:    Size  Location     Type
		None
 Auto vars:     Size  Location     Type
		None
 Return value:  Size  Location     Type
                  1    wreg      unsigned char 
 Registers used:
		wreg, status,2, status,0, pclath, cstack
 Tracked objects:
		On entry : 
		On exit  : 
		Unchanged: 
 Data sizes:     COMMON   BANK0   BANK1   BANK3   BANK2
      Params:         0       0       0       0       0
      Locals:         0       0       0       0       0
      Temps:          0       0       0       0       0
      Totals:         0       0       0       0       0
Total ram usage:        0 bytes
 Hardware stack levels used:    1
 Hardware stack levels required when called:    1
 This function calls:
		_spiReceiveWait
 This function is called by:
		_ISR
 This function uses a non-reentrant model


 *************** function _spiReceiveWait *****************
 Defined at:
		line 29 in file "SPI.c"
 Parameters:    Size  Location     Type
		None
 Auto vars:     Size  Location     Type
		None
 Return value:  Size  Location     Type
                  1    wreg      void 
 Registers used:
		None
 Tracked objects:
		On entry : 
		On exit  : 
		Unchanged: 
 Data sizes:     COMMON   BANK0   BANK1   BANK3   BANK2
      Params:         0       0       0       0       0
      Locals:         0       0       0       0       0
      Temps:          0       0       0       0       0
      Totals:         0       0       0       0       0
Total ram usage:        0 bytes
 Hardware stack levels used:    1
 This function calls:
		Nothing
 This function is called by:
		_spiRead
 This function uses a non-reentrant model



MODULE INFORMATION

Module		Function		Class		Link	Load	Size
USART.c
		_sendUSART     		CODE           	05CF	0000	24
		_initUSART     		CODE           	0663	0000	143

USART.c estimated size: 167

mainT.c
		_ISR           		CODE           	06F1	0000	255
		_main          		CODE           	062C	0000	56
		_setup         		CODE           	0604	0000	41

mainT.c estimated size: 352

shared
		__initialization		CODE           	07EF	0000	14

shared estimated size: 14

SPI.c
		_spiWrite      		CODE           	05AE	0000	7
		_spiInit       		CODE           	05E6	0000	31
		_spiReceiveWait		CODE           	05BC	0000	10
		_spiRead       		CODE           	05C5	0000	11

SPI.c estimated size: 59

